warning: this `use` imports a module through `self`
  --> $DIR/fixture.rs:15:9
   |
LL |     use crate::defs::inner::{self};
   |         ^^^^^^^^^^^^^^^^^^^^^^^^^^ help: import the module by its bare path: `crate::defs::inner`
   |
   = note: `#[warn(perfectionist::self_import)]` on by default

warning: this `use` imports a module through `self`
  --> $DIR/fixture.rs:20:9
   |
LL |     use crate::defs::inner::{self, Baz};
   |         ^^^^^^^^^^^^^^^^^^^^^^^^^^^^^^^
   |
help: import the module by its bare path
   |
LL ~     use crate::defs::inner;
LL ~     use crate::defs::inner::Baz;
   |

warning: this `use` imports a module through `self`
  --> $DIR/fixture.rs:25:9
   |
LL |     use crate::defs::inner::{self as renamed};
   |         ^^^^^^^^^^^^^^^^^^^^^^^^^^^^^^^^^^^^^ help: import the module by its bare path: `crate::defs::inner as renamed`

warning: this `use` imports a module through `self`
  --> $DIR/fixture.rs:30:23
   |
LL |     use crate::defs::{inner::self};
   |                       ^^^^^^^^^^^ help: import the module by its bare path: `inner`
   |
   = note: the `a::b::self` form is redundant and rejected in some positions; import the module directly

warning: this `use` imports a module through `self`
  --> $DIR/fixture.rs:35:23
   |
LL |     use crate::defs::{inner::{self}, sibling};
   |                       ^^^^^^^^^^^^^ help: import the module by its bare path: `inner`

warning: this `use` imports a module through `self`
  --> $DIR/fixture.rs:40:23
   |
LL |     use crate::defs::{inner::{self, Baz}, sibling};
   |                       ^^^^^^^^^^^^^^^^^^ help: import the module by its bare path: `inner, inner::Baz`

warning: 6 warnings emitted

