warning: `Defined` resolves in scope; write it as an intra-doc link
  --> $DIR/fixture.rs:16:18
   |
LL |     /// Mentions `Defined` (local), `InternalItem` (this module's
   |                  ^^^^^^^^^ help: wrap as an intra-doc link: `[`Defined`]`
   |
   = note: `#[warn(perfectionist::intra_doc_links)]` on by default

warning: `InternalItem` resolves in scope; write it as an intra-doc link
  --> $DIR/fixture.rs:16:37
   |
LL |     /// Mentions `Defined` (local), `InternalItem` (this module's
   |                                     ^^^^^^^^^^^^^^ help: wrap as an intra-doc link: `[`InternalItem`]`

warning: `RootItem` resolves in scope; write it as an intra-doc link
  --> $DIR/fixture.rs:17:19
   |
LL |     /// subtree), `RootItem` (reached via `crate::`), and `HashMap`
   |                   ^^^^^^^^^^ help: wrap as an intra-doc link: `[`RootItem`]`

warning: `HashMap` resolves in scope; write it as an intra-doc link
  --> $DIR/fixture.rs:17:59
   |
LL |     /// subtree), `RootItem` (reached via `crate::`), and `HashMap`
   |                                                           ^^^^^^^^^ help: wrap as an intra-doc link: `[`HashMap`]`

warning: 4 warnings emitted

