warning: `Defined` resolves in scope; consider writing it as an intra-doc link
  --> $DIR/fixture.rs:16:18
   |
LL |     /// Mentions `Defined` (local), `InternalItem` (this module's
   |                  ^^^^^^^^^
   |
   = help: if `Defined` instead names a foreign or upstream symbol that the doc only mentions by name, do not link it to the local item; write an explicit reference link to the real source, such as `[`Defined`][Defined-ext]` with a `[Defined-ext]: <url>` definition
   = note: `#[warn(perfectionist::bare_identifier_reference)]` on by default
help: if it refers to this item, wrap it as an intra-doc link
   |
LL -     /// Mentions `Defined` (local), `InternalItem` (this module's
LL +     /// Mentions [`Defined`] (local), `InternalItem` (this module's
   |

warning: `InternalItem` resolves in scope; consider writing it as an intra-doc link
  --> $DIR/fixture.rs:16:37
   |
LL |     /// Mentions `Defined` (local), `InternalItem` (this module's
   |                                     ^^^^^^^^^^^^^^
   |
   = help: if `InternalItem` instead names a foreign or upstream symbol that the doc only mentions by name, do not link it to the local item; write an explicit reference link to the real source, such as `[`InternalItem`][InternalItem-ext]` with a `[InternalItem-ext]: <url>` definition
help: if it refers to this item, wrap it as an intra-doc link
   |
LL -     /// Mentions `Defined` (local), `InternalItem` (this module's
LL +     /// Mentions `Defined` (local), [`InternalItem`] (this module's
   |

warning: `RootItem` resolves in scope; consider writing it as an intra-doc link
  --> $DIR/fixture.rs:17:19
   |
LL |     /// subtree), `RootItem` (reached via `crate::`), and `HashMap`
   |                   ^^^^^^^^^^
   |
   = help: if `RootItem` instead names a foreign or upstream symbol that the doc only mentions by name, do not link it to the local item; write an explicit reference link to the real source, such as `[`RootItem`][RootItem-ext]` with a `[RootItem-ext]: <url>` definition
help: if it refers to this item, wrap it as an intra-doc link
   |
LL -     /// subtree), `RootItem` (reached via `crate::`), and `HashMap`
LL +     /// subtree), [`RootItem`] (reached via `crate::`), and `HashMap`
   |

warning: 3 warnings emitted

