warning: imports are not split into one `use` per item
  --> $DIR/fixture.rs:14:5
   |
LL |     use std::path::{Path, PathBuf};
   |     ^^^^^^^^^^^^^^^^^^^^^^^^^^^^^^^
   |
   = note: `#[warn(perfectionist::import_granularity)]` on by default
help: reorganize the imports
   |
LL ~     use std::path::Path;
LL +     use std::path::PathBuf;
   |

warning: imports are not split into one `use` per item
  --> $DIR/fixture.rs:19:5
   |
LL |     use std::{collections::HashMap, io::Read};
   |     ^^^^^^^^^^^^^^^^^^^^^^^^^^^^^^^^^^^^^^^^^^
   |
help: reorganize the imports
   |
LL ~     use std::collections::HashMap;
LL +     use std::io::Read;
   |

warning: 2 warnings emitted

