warning: item named through `core` instead of `std`
  --> $DIR/fixture.rs:12:9
   |
LL |     use core::fmt::Display;
   |         ^^^^ help: name the item through `std`: `std`
   |
   = note: `#[warn(perfectionist::core_instead_of_std)]` on by default

warning: item named through `alloc` instead of `std`
  --> $DIR/fixture.rs:17:9
   |
LL |     use alloc::sync::Arc;
   |         ^^^^^ help: name the item through `std`: `std`

warning: item named through `core` instead of `std`
  --> $DIR/fixture.rs:22:11
   |
LL |     use ::core::hash::Hash;
   |           ^^^^ help: name the item through `std`: `std`

warning: item named through `core` instead of `std`
  --> $DIR/fixture.rs:33:9
   |
LL |     use core::fmt::{Binary, Octal};
   |         ^^^^ help: name the item through `std`: `std`

warning: item named through `core` instead of `std`
  --> $DIR/fixture.rs:47:23
   |
LL |     use core::panic::{Location, PanicInfo};
   |                       ^^^^^^^^
   |
   = help: name this item through `std`: the `core` segment is shared with a name that has to keep it, so it cannot be rewritten in place

warning: item named through `core` instead of `std`
  --> $DIR/fixture.rs:52:31
   |
LL |     pub fn describe(_address: core::net::IpAddr) {}
   |                               ^^^^ help: name the item through `std`: `std`

warning: item named through `core` instead of `std`
  --> $DIR/fixture.rs:58:9
   |
LL |         core::ptr::null::<u32>()
   |         ^^^^ help: name the item through `std`: `std`

warning: item named through `alloc` instead of `std`
  --> $DIR/fixture.rs:71:9
   |
LL |     use alloc::vec;
   |         ^^^^^ help: name the item through `std`: `std`

warning: 8 warnings emitted

