warning: lint-silencing attribute lacks an explanatory `reason = "..."` field
  --> $DIR/fixture.rs:16:18
   |
LL | #[allow(dead_code)]
   |                  ^ help: add a `reason` field: `, reason = ""`
   |
   = note: `#[warn(perfectionist::lint_silence_reason)]` on by default

warning: lint-silencing attribute lacks an explanatory `reason = "..."` field
  --> $DIR/fixture.rs:21:29
   |
LL | #[allow(dead_code, reason = "")]
   |                             ^^
   |
   = help: write a rationale into the blank `reason` literal

warning: lint-silencing attribute lacks an explanatory `reason = "..."` field
  --> $DIR/fixture.rs:26:29
   |
LL | #[allow(dead_code, reason = "   ")]
   |                             ^^^^^
   |
   = help: write a rationale into the blank `reason` literal

warning: 3 warnings emitted

