warning: function `one_if` has a cognitive complexity of 1, above the limit of 0
  --> $DIR/fixture.rs:26:1
   |
LL | fn one_if(first: bool) {
   | ^^^^^^^^^^^^^^^^^^^^^^
   |
   = help: split the function into smaller ones, each doing one thing, and flatten nested branches with early returns
   = note: `#[warn(perfectionist::excessive_cognitive_complexity)]` on by default

warning: function `if_else` has a cognitive complexity of 2, above the limit of 0
  --> $DIR/fixture.rs:33:1
   |
LL | fn if_else(first: bool) {
   | ^^^^^^^^^^^^^^^^^^^^^^^
   |
   = help: split the function into smaller ones, each doing one thing, and flatten nested branches with early returns

warning: function `else_if_chain` has a cognitive complexity of 3, above the limit of 0
  --> $DIR/fixture.rs:42:1
   |
LL | fn else_if_chain(n: u8) {
   | ^^^^^^^^^^^^^^^^^^^^^^^
   |
   = help: split the function into smaller ones, each doing one thing, and flatten nested branches with early returns

warning: function `nested_if` has a cognitive complexity of 3, above the limit of 0
  --> $DIR/fixture.rs:53:1
   |
LL | fn nested_if(first: bool, second: bool) {
   | ^^^^^^^^^^^^^^^^^^^^^^^^^^^^^^^^^^^^^^^
   |
   = note: nesting accounts for 1 of the 3
   = help: split the function into smaller ones, each doing one thing, and flatten nested branches with early returns

warning: function `for_loop` has a cognitive complexity of 3, above the limit of 0
  --> $DIR/fixture.rs:62:1
   |
LL | fn for_loop(items: &[u8]) {
   | ^^^^^^^^^^^^^^^^^^^^^^^^^
   |
   = note: nesting accounts for 1 of the 3
   = help: split the function into smaller ones, each doing one thing, and flatten nested branches with early returns

warning: function `while_loop` has a cognitive complexity of 1, above the limit of 0
  --> $DIR/fixture.rs:71:1
   |
LL | fn while_loop(mut n: u8) {
   | ^^^^^^^^^^^^^^^^^^^^^^^^
   |
   = help: split the function into smaller ones, each doing one thing, and flatten nested branches with early returns

warning: function `while_let` has a cognitive complexity of 1, above the limit of 0
  --> $DIR/fixture.rs:78:1
   |
LL | fn while_let(mut items: impl Iterator<Item = u8>) {
   | ^^^^^^^^^^^^^^^^^^^^^^^^^^^^^^^^^^^^^^^^^^^^^^^^^
   |
   = help: split the function into smaller ones, each doing one thing, and flatten nested branches with early returns

warning: function `bare_loop` has a cognitive complexity of 1, above the limit of 0
  --> $DIR/fixture.rs:85:1
   |
LL | fn bare_loop() {
   | ^^^^^^^^^^^^^^
   |
   = help: split the function into smaller ones, each doing one thing, and flatten nested branches with early returns

warning: function `labelled_continue` has a cognitive complexity of 7, above the limit of 0
  --> $DIR/fixture.rs:92:1
   |
LL | fn labelled_continue() {
   | ^^^^^^^^^^^^^^^^^^^^^^
   |
   = note: nesting accounts for 3 of the 7
   = help: split the function into smaller ones, each doing one thing, and flatten nested branches with early returns

warning: function `matching` has a cognitive complexity of 2, above the limit of 0
  --> $DIR/fixture.rs:103:1
   |
LL | fn matching(n: u8) {
   | ^^^^^^^^^^^^^^^^^^
   |
   = help: split the function into smaller ones, each doing one thing, and flatten nested branches with early returns

warning: function `boolean_runs` has a cognitive complexity of 2, above the limit of 0
  --> $DIR/fixture.rs:112:1
   |
LL | fn boolean_runs(first: bool, second: bool, third: bool, fourth: bool) -> bool {
   | ^^^^^^^^^^^^^^^^^^^^^^^^^^^^^^^^^^^^^^^^^^^^^^^^^^^^^^^^^^^^^^^^^^^^^^^^^^^^^
   |
   = help: split the function into smaller ones, each doing one thing, and flatten nested branches with early returns

warning: function `boolean_parenthesised` has a cognitive complexity of 2, above the limit of 0
  --> $DIR/fixture.rs:117:1
   |
LL | fn boolean_parenthesised(first: bool, second: bool, third: bool) -> bool {
   | ^^^^^^^^^^^^^^^^^^^^^^^^^^^^^^^^^^^^^^^^^^^^^^^^^^^^^^^^^^^^^^^^^^^^^^^^
   |
   = help: split the function into smaller ones, each doing one thing, and flatten nested branches with early returns

warning: function `negation` has a cognitive complexity of 1, above the limit of 0
  --> $DIR/fixture.rs:122:1
   |
LL | fn negation(first: bool, second: bool) -> bool {
   | ^^^^^^^^^^^^^^^^^^^^^^^^^^^^^^^^^^^^^^^^^^^^^^
   |
   = help: split the function into smaller ones, each doing one thing, and flatten nested branches with early returns

warning: function `let_else` has a cognitive complexity of 1, above the limit of 0
  --> $DIR/fixture.rs:133:1
   |
LL | fn let_else(input: Option<u8>) -> u8 {
   | ^^^^^^^^^^^^^^^^^^^^^^^^^^^^^^^^^^^^
   |
   = help: split the function into smaller ones, each doing one thing, and flatten nested branches with early returns

warning: function `closure_nesting` has a cognitive complexity of 3, above the limit of 0
  --> $DIR/fixture.rs:141:1
   |
LL | fn closure_nesting(items: &[u8]) -> Vec<u8> {
   | ^^^^^^^^^^^^^^^^^^^^^^^^^^^^^^^^^^^^^^^^^^^
   |
   = note: nesting accounts for 1 of the 3
   = help: split the function into smaller ones, each doing one thing, and flatten nested branches with early returns

warning: function `recursive` has a cognitive complexity of 3, above the limit of 0
  --> $DIR/fixture.rs:149:1
   |
LL | fn recursive(n: u32) -> u32 {
   | ^^^^^^^^^^^^^^^^^^^^^^^^^^^
   |
   = help: split the function into smaller ones, each doing one thing, and flatten nested branches with early returns

warning: function `count_down` has a cognitive complexity of 2, above the limit of 0
  --> $DIR/fixture.rs:157:5
   |
LL |     fn count_down(&self, n: u32) {
   |     ^^^^^^^^^^^^^^^^^^^^^^^^^^^^
   |
   = help: split the function into smaller ones, each doing one thing, and flatten nested branches with early returns

warning: function `branch_in_macro_argument` has a cognitive complexity of 2, above the limit of 0
  --> $DIR/fixture.rs:165:1
   |
LL | fn branch_in_macro_argument(first: bool) {
   | ^^^^^^^^^^^^^^^^^^^^^^^^^^^^^^^^^^^^^^^^
   |
   = help: split the function into smaller ones, each doing one thing, and flatten nested branches with early returns

warning: function `awaiting` has a cognitive complexity of 1, above the limit of 0
  --> $DIR/fixture.rs:185:1
   |
LL | async fn awaiting(ready: impl Future<Output = bool>) {
   | ^^^^^^^^^^^^^^^^^^^^^^^^^^^^^^^^^^^^^^^^^^^^^^^^^^^^
   |
   = help: split the function into smaller ones, each doing one thing, and flatten nested branches with early returns

warning: function `if_let_chain` has a cognitive complexity of 2, above the limit of 0
  --> $DIR/fixture.rs:192:1
   |
LL | fn if_let_chain(input: Option<u8>, first: bool) {
   | ^^^^^^^^^^^^^^^^^^^^^^^^^^^^^^^^^^^^^^^^^^^^^^^
   |
   = help: split the function into smaller ones, each doing one thing, and flatten nested branches with early returns

warning: function `inner` has a cognitive complexity of 1, above the limit of 0
  --> $DIR/fixture.rs:200:5
   |
LL |     fn inner(first: bool) {
   |     ^^^^^^^^^^^^^^^^^^^^^
   |
   = help: split the function into smaller ones, each doing one thing, and flatten nested branches with early returns

warning: 21 warnings emitted

