warning: enum `PublicError` is missing `#[non_exhaustive]`
  --> $DIR/fixture.rs:9:10
   |
LL | pub enum PublicError {
   |          ^^^^^^^^^^^
   |
note: the lint level is defined here
  --> $DIR/fixture.rs:4:9
   |
LL | #![warn(perfectionist::exhaustive_error_enums)]
   |         ^^^^^^^^^^^^^^^^^^^^^^^^^^^^^^^^^^^^^
help: add `#[non_exhaustive]` to keep new variants from being a SemVer break
   |
LL + #[non_exhaustive]
LL | pub enum PublicError {
   |

warning: enum `CrateLocalError` is missing `#[non_exhaustive]`
  --> $DIR/fixture.rs:13:17
   |
LL | pub(crate) enum CrateLocalError {
   |                 ^^^^^^^^^^^^^^^
   |
help: add `#[non_exhaustive]` to keep new variants from being a SemVer break
   |
LL + #[non_exhaustive]
LL | pub(crate) enum CrateLocalError {
   |

warning: enum `PrivateError` is missing `#[non_exhaustive]`
  --> $DIR/fixture.rs:17:6
   |
LL | enum PrivateError {
   |      ^^^^^^^^^^^^
   |
help: add `#[non_exhaustive]` to keep new variants from being a SemVer break
   |
LL + #[non_exhaustive]
LL | enum PrivateError {
   |

warning: 3 warnings emitted

