warning: struct `One` has 1 field, above the limit of 0
  --> $DIR/fixture.rs:LL:CC
   |
LL | struct One {
   | ^^^^^^^^^^
   |
   = help: group the fields that belong together into a struct named for what the group is, not for where the field list was cut
   = help: if no function ends up taking the new struct on its own, the fields moved rather than the concerns separated: every access gained a hop and nothing gained a name
   = note: `#[warn(perfectionist::too_many_struct_fields)]` on by default

warning: struct `Three` has 3 fields, above the limit of 0
  --> $DIR/fixture.rs:LL:CC
   |
LL | struct Three {
   | ^^^^^^^^^^^^
   |
   = help: group the fields that belong together into a struct named for what the group is, not for where the field list was cut
   = help: if no function ends up taking the new struct on its own, the fields moved rather than the concerns separated: every access gained a hop and nothing gained a name

warning: struct `Pair` has 2 fields, above the limit of 0
  --> $DIR/fixture.rs:LL:CC
   |
LL | struct Pair(u32, u32);
   | ^^^^^^^^^^^
   |
   = help: group the fields that belong together into a struct named for what the group is, not for where the field list was cut
   = help: if no function ends up taking the new struct on its own, the fields moved rather than the concerns separated: every access gained a hop and nothing gained a name

warning: struct `Wrapper` has 1 field, above the limit of 0
  --> $DIR/fixture.rs:LL:CC
   |
LL | struct Wrapper<Value> {
   | ^^^^^^^^^^^^^^^^^^^^^
   |
   = help: group the fields that belong together into a struct named for what the group is, not for where the field list was cut
   = help: if no function ends up taking the new struct on its own, the fields moved rather than the concerns separated: every access gained a hop and nothing gained a name

warning: struct `Local` has 1 field, above the limit of 0
  --> $DIR/fixture.rs:LL:CC
   |
LL |     struct Local {
   |     ^^^^^^^^^^^^
   |
   = help: group the fields that belong together into a struct named for what the group is, not for where the field list was cut
   = help: if no function ends up taking the new struct on its own, the fields moved rather than the concerns separated: every access gained a hop and nothing gained a name

warning: N warnings emitted
