warning: enum `RuntimeError` is missing `#[non_exhaustive]`
  --> $DIR/fixture.rs:8:10
   |
LL | pub enum RuntimeError {
   |          ^^^^^^^^^^^^
   |
note: the lint level is defined here
  --> $DIR/fixture.rs:5:9
   |
LL | #![warn(perfectionist::non_exhaustive_error)]
   |         ^^^^^^^^^^^^^^^^^^^^^^^^^^^^^^^^^^^
help: add `#[non_exhaustive]` to keep new variants from being a SemVer break
   |
LL + #[non_exhaustive]
LL | pub enum RuntimeError {
   |

warning: struct `ParseError` is missing `#[non_exhaustive]`
  --> $DIR/fixture.rs:23:12
   |
LL | pub struct ParseError(pub ParseKind);
   |            ^^^^^^^^^^
   |
help: add `#[non_exhaustive]` to keep new variants from being a SemVer break
   |
LL + #[non_exhaustive]
LL | pub struct ParseError(pub ParseKind);
   |

warning: enum `BadlyNamed` is missing `#[non_exhaustive]`
  --> $DIR/fixture.rs:59:10
   |
LL | pub enum BadlyNamed {
   |          ^^^^^^^^^^
   |
help: add `#[non_exhaustive]` to keep new variants from being a SemVer break
   |
LL + #[non_exhaustive]
LL | pub enum BadlyNamed {
   |

warning: struct `AliasedError` is missing `#[non_exhaustive]`
  --> $DIR/fixture.rs:103:12
   |
LL | pub struct AliasedError(pub KindAlias);
   |            ^^^^^^^^^^^^
   |
help: add `#[non_exhaustive]` to keep new variants from being a SemVer break
   |
LL + #[non_exhaustive]
LL | pub struct AliasedError(pub KindAlias);
   |

warning: 4 warnings emitted

