warning: `map` callback has 2 top-level statements, above the limit of 1
  --> $DIR/fixture.rs:LL:CC
   |
LL |       let _ = [1, 2].into_iter().map(|value| {
   |  ____________________________________^
LL | |         let doubled = value * 2;
LL | |         doubled + 1
LL | |     }).filter(|value| {
   | |_____^
   |
   = help: extract a named helper, or use an explicit loop for eager work when it preserves the required behavior and performance
   = note: a helper can preserve a lazy chain; loop rewrites must preserve evaluation order, ownership, allocation behavior and short-circuit results
   = note: `#[warn(perfectionist::multi_statement_iterator_closure)]` on by default

warning: `filter` callback has 2 top-level statements, above the limit of 1
  --> $DIR/fixture.rs:LL:CC
   |
LL |       }).filter(|value| {
   |  _______________^
LL | |         let positive = *value > 0;
LL | |         positive
LL | |     });
   | |_____^
   |
   = help: extract a named helper, or use an explicit loop for eager work when it preserves the required behavior and performance
   = note: a helper can preserve a lazy chain; loop rewrites must preserve evaluation order, ownership, allocation behavior and short-circuit results

warning: `for_each` callback has 2 top-level statements, above the limit of 1
  --> $DIR/fixture.rs:LL:CC
   |
LL |       [1, 2].into_iter().for_each(|value| {
   |  _________________________________^
LL | |         dbg!(value);
LL | |         dbg!(value + 1);
LL | |     });
   | |_____^
   |
   = help: extract a named helper, or use an explicit loop for eager work when it preserves the required behavior and performance
   = note: a helper can preserve a lazy chain; loop rewrites must preserve evaluation order, ownership, allocation behavior and short-circuit results

warning: `try_for_each` callback has 2 top-level statements, above the limit of 1
  --> $DIR/fixture.rs:LL:CC
   |
LL |       [1, 2].into_iter().try_for_each(|value| {
   |  _____________________________________^
LL | |         dbg!(value);
LL | |         Ok(())
LL | |     })
   | |_____^
   |
   = help: extract a named helper, or use an explicit loop for eager work when it preserves the required behavior and performance
   = note: a helper can preserve a lazy chain; loop rewrites must preserve evaluation order, ownership, allocation behavior and short-circuit results

warning: `fold` callback has 2 top-level statements, above the limit of 1
  --> $DIR/fixture.rs:LL:CC
   |
LL |       let _ = [1, 2].into_iter().fold(0, |total, value| {
   |  ________________________________________^
LL | |         let doubled = value * 2;
LL | |         total + doubled
LL | |     });
   | |_____^
   |
   = help: extract a named helper, or use an explicit loop for eager work when it preserves the required behavior and performance
   = note: a helper can preserve a lazy chain; loop rewrites must preserve evaluation order, ownership, allocation behavior and short-circuit results

warning: `scan` callback has 2 top-level statements, above the limit of 1
  --> $DIR/fixture.rs:LL:CC
   |
LL |       let _ = [1, 2].into_iter().scan(0, |total, value| {
   |  ________________________________________^
LL | |         *total += value;
LL | |         Some(*total)
LL | |     });
   | |_____^
   |
   = help: extract a named helper, or use an explicit loop for eager work when it preserves the required behavior and performance
   = note: a helper can preserve a lazy chain; loop rewrites must preserve evaluation order, ownership, allocation behavior and short-circuit results

warning: `map` callback has 2 top-level statements, above the limit of 1
  --> $DIR/fixture.rs:LL:CC
   |
LL |       let _ = Iterator::map(values, |value| {
   |  ___________________________________^
LL | |         let doubled = value * 2;
LL | |         doubled
LL | |     });
   | |_____^
   |
   = help: extract a named helper, or use an explicit loop for eager work when it preserves the required behavior and performance
   = note: a helper can preserve a lazy chain; loop rewrites must preserve evaluation order, ownership, allocation behavior and short-circuit results

warning: `map` callback has 2 top-level statements, above the limit of 1
  --> $DIR/fixture.rs:LL:CC
   |
LL |       let _ = [1, 2].into_iter().map(async |value| {
   |  ____________________________________^
LL | |         let doubled = value * 2;
LL | |         doubled
LL | |     });
   | |_____^
   |
   = help: extract a named helper, or use an explicit loop for eager work when it preserves the required behavior and performance
   = note: a helper can preserve a lazy chain; loop rewrites must preserve evaluation order, ownership, allocation behavior and short-circuit results

warning: `for_each` callback has 2 top-level statements, above the limit of 1
  --> $DIR/fixture.rs:LL:CC
   |
LL |       [1, 2].into_iter().for_each(|_| {
   |  _________________________________^
LL | |         multiple_statements!();
LL | |         dbg!(3);
LL | |     });
   | |_____^
   |
   = help: extract a named helper, or use an explicit loop for eager work when it preserves the required behavior and performance
   = note: a helper can preserve a lazy chain; loop rewrites must preserve evaluation order, ownership, allocation behavior and short-circuit results

warning: `for_each` callback has 2 top-level statements, above the limit of 1
  --> $DIR/fixture.rs:LL:CC
   |
LL |       [1, 2].into_iter().for_each(|_| {
   |  _________________________________^
LL | |         empty_statements!();
LL | |         dbg!(3);
LL | |     });
   | |_____^
   |
   = help: extract a named helper, or use an explicit loop for eager work when it preserves the required behavior and performance
   = note: a helper can preserve a lazy chain; loop rewrites must preserve evaluation order, ownership, allocation behavior and short-circuit results

warning: `for_each` callback has 2 top-level statements, above the limit of 1
  --> $DIR/fixture.rs:LL:CC
   |
LL |       <Overridden as Iterator>::for_each(Overridden, |value| {
   |  ____________________________________________________^
LL | |         let doubled = value * 2;
LL | |         dbg!(doubled);
LL | |     });
   | |_____^
   |
   = help: extract a named helper, or use an explicit loop for eager work when it preserves the required behavior and performance
   = note: a helper can preserve a lazy chain; loop rewrites must preserve evaluation order, ownership, allocation behavior and short-circuit results

warning: `map` callback has 2 top-level statements, above the limit of 1
  --> $DIR/auxiliary/callbacks.rs:LL:CC
   |
LL |       let _ = [1, 2].into_iter().map(|value| {
   |  ____________________________________^
LL | |         let doubled = value * 2;
LL | |         doubled
LL | |     });
   | |_____^
   |
   = help: extract a named helper, or use an explicit loop for eager work when it preserves the required behavior and performance
   = note: a helper can preserve a lazy chain; loop rewrites must preserve evaluation order, ownership, allocation behavior and short-circuit results

warning: N warnings emitted
