warning: `Command::arg` takes `&mut self`, so it cannot yield the command
  --> $DIR/fixture.rs:LL:CC
   |
LL |     command.arg("-l");
   |             ^^^
   |
   = help: use `CommandExtra::with_arg`, which takes `self` and returns `Self`, keeping the whole construction in expression position
   = help: the receiver outlives this call, so where later code reads it the change also has to reassign it or collapse the statements into one chained expression
   = help: add `command-extra` to this crate's dependencies, then import `CommandExtra`
   = note: `#[warn(perfectionist::mutating_command_builder)]` on by default

warning: `Command::env_clear` takes `&mut self`, so it cannot yield the command
  --> $DIR/fixture.rs:LL:CC
   |
LL |     command.env_clear();
   |             ^^^^^^^^^
   |
   = help: use `CommandExtra::with_no_env`, which takes `self` and returns `Self`, keeping the whole construction in expression position
   = help: the receiver outlives this call, so where later code reads it the change also has to reassign it or collapse the statements into one chained expression
   = help: add `command-extra` to this crate's dependencies, then import `CommandExtra`

warning: `Command::arg` takes `&mut self`, so it cannot yield the command
  --> $DIR/fixture.rs:LL:CC
   |
LL |     Command::new("ls").arg("-a");
   |                        ^^^
   |
help: use `CommandExtra::with_arg`, which takes `self` and returns `Self`, keeping the whole construction in expression position; add `command-extra` to this crate's dependencies, then import `CommandExtra`
   |
LL |     Command::new("ls").with_arg("-a");
   |                        +++++

warning: N warnings emitted
