warning: imports are not collapsed to one `use` per crate root
  --> $DIR/fixture.rs:15:5
   |
LL | /     use std::collections::HashMap;
LL | |     use std::io::Read;
LL | |     use std::path::Path;
LL | |     use std::path::PathBuf;
   | |___________________________^ help: reorganize the imports: `use std::{collections::HashMap, io::Read, path::{Path, PathBuf}};`
   |
   = note: `#[warn(perfectionist::import_granularity)]` on by default

warning: imports are not collapsed to one `use` per crate root
  --> $DIR/fixture.rs:24:5
   |
LL |     use std::{path::Path, path::PathBuf};
   |     ^^^^^^^^^^^^^^^^^^^^^^^^^^^^^^^^^^^^^ help: reorganize the imports: `use std::path::{Path, PathBuf};`

warning: imports are not collapsed to one `use` per crate root
  --> $DIR/fixture.rs:41:5
   |
LL | /     use std::io::Read;
LL | |     use std::io::*;
   | |___________________^ help: reorganize the imports: `use std::io::{Read, *};`

warning: imports are not collapsed to one `use` per crate root
  --> $DIR/fixture.rs:57:5
   |
LL | /     use crate::thing;
LL | |     use crate::thing::T;
   | |________________________^
   |
help: reorganize the imports
   |
LL -     use crate::thing;
LL -     use crate::thing::T;
LL +     use crate::thing::{self, T};
   |
LL -     use crate::thing;
LL -     use crate::thing::T;
LL +     use crate::{thing, thing::T};
   |

warning: glob import brings an unbounded set of names into scope
  --> $DIR/fixture.rs:42:9
   |
LL |     use std::io::*;
   |         ^^^^^^^^^^
   |
   = help: import the specific items by name instead
   = note: `#[warn(perfectionist::wildcard_imports)]` on by default

warning: 5 warnings emitted

