warning: getter `unrelated` returns an owned copy of `self.first_name`
  --> $DIR/fixture.rs:LL:CC
   |
LL |     fn unrelated(&self) -> String {
   |     ^^^^^^^^^^^^^^^^^^^^^^^^^^^^^
   |
   = help: either stop it cloning: return `&str`, and let a caller that needs ownership copy at the call site
   = help: or stop it being a getter: rename it `to_*`, the prefix for a conversion that costs something, which is the right shape when every call site would copy the borrow straight back
   = note: `#[warn(perfectionist::cloning_getter)]` on by default

warning: getter `first_name` returns an owned copy of `self.first_name`
  --> $DIR/fixture.rs:LL:CC
   |
LL |     fn first_name(&self) -> String {
   |     ^^^^^^^^^^^^^^^^^^^^^^^^^^^^^^
   |
   = help: either stop it cloning: return `&str`, and let a caller that needs ownership copy at the call site
   = help: or stop it being a getter: rename it `to_*`, the prefix for a conversion that costs something, which is the right shape when every call site would copy the borrow straight back

warning: getter `get_anything` returns an owned copy of `self.first_name`
  --> $DIR/fixture.rs:LL:CC
   |
LL |     fn get_anything(&self) -> String {
   |     ^^^^^^^^^^^^^^^^^^^^^^^^^^^^^^^^
   |
   = help: either stop it cloning: return `&str`, and let a caller that needs ownership copy at the call site
   = help: or stop it being a getter: rename it `to_*`, the prefix for a conversion that costs something, which is the right shape when every call site would copy the borrow straight back

warning: N warnings emitted
