warning: this `#[allow]` can be `#[expect]` so the suppression self-cleans
  --> $DIR/allow_attributes.rs:10:3
   |
LL | #[allow(non_snake_case, reason = "external API uses camelCase")]
   |   ^^^^^ help: replace `allow` with `expect`: `expect`
   |
   = note: `#[warn(perfectionist::allow_attributes)]` on by default

warning: this `#[allow]` can be `#[expect]` so the suppression self-cleans
  --> $DIR/allow_attributes.rs:14:3
   |
LL | #[allow(clippy::too_many_arguments, reason = "matches upstream signature")]
   |   ^^^^^ help: replace `allow` with `expect`: `expect`

warning: this `#[allow]` can be `#[expect]` so the suppression self-cleans
  --> $DIR/allow_attributes.rs:18:3
   |
LL | #[allow(rustdoc::broken_intra_doc_links, reason = "links resolve downstream")]
   |   ^^^^^ help: replace `allow` with `expect`: `expect`

warning: this `#[allow]` can be `#[expect]` so the suppression self-cleans
  --> $DIR/allow_attributes.rs:22:3
   |
LL | #[allow(perfectionist::single_letter_function_param, reason = "math convention")]
   |   ^^^^^ help: replace `allow` with `expect`: `expect`

warning: this `#[allow]` can be `#[expect]` so the suppression self-cleans
  --> $DIR/allow_attributes.rs:28:3
   |
LL | #[allow(
   |   ^^^^^ help: replace `allow` with `expect`: `expect`

warning: this `#[allow]` can be `#[expect]` so the suppression self-cleans
  --> $DIR/allow_attributes.rs:35:19
   |
LL | #[cfg_attr(all(), allow(clippy::too_many_arguments, reason = "cfg-gated"))]
   |                   ^^^^^ help: replace `allow` with `expect`: `expect`

warning: this `#[allow]` can be `#[expect]` so the suppression self-cleans
  --> $DIR/allow_attributes.rs:39:35
   |
LL | #[cfg_attr(all(), cfg_attr(all(), allow(clippy::type_complexity, reason = "nested")))]
   |                                   ^^^^^ help: replace `allow` with `expect`: `expect`

warning: the deterministically-firing lints here can move to `#[expect]`
  --> $DIR/allow_attributes.rs:43:1
   |
LL | #[allow(dead_code, clippy::too_many_arguments, reason = "scaffolding")]
   | ^^^^^^^^^^^^^^^^^^^^^^^^^^^^^^^^^^^^^^^^^^^^^^^^^^^^^^^^^^^^^^^^^^^^^^^
   |
help: split the deterministic lints into a separate `#[expect]`
   |
LL ~ #[allow(dead_code, reason = "scaffolding")]
LL ~ #[expect(clippy::too_many_arguments, reason = "scaffolding")]
   |

warning: the deterministically-firing lints here can move to `#[expect]`
  --> $DIR/allow_attributes.rs:47:19
   |
LL | #[cfg_attr(all(), allow(dead_code, clippy::type_complexity, reason = "split under cfg"))]
   |                   ^^^^^^^^^^^^^^^^^^^^^^^^^^^^^^^^^^^^^^^^^^^^^^^^^^^^^^^^^^^^^^^^^^^^^ help: split the deterministic lints into a separate `#[expect]`: `allow(dead_code, reason = "split under cfg"), expect(clippy::type_complexity, reason = "split under cfg")`

warning: 9 warnings emitted

