warning: calling `.clone()` on an `Arc<T>`
  --> $DIR/arc_rc_clone.rs:7:13
   |
LL |     let _ = value.clone();
   |             ^^^^^^^^^^^^^
   |
   = note: `#[warn(perfectionist::arc_rc_clone)]` on by default
help: use the qualified form to make the cheap refcount bump explicit
   |
LL -     let _ = value.clone();
LL +     let _ = Arc::clone(&value);
   |

warning: calling `.clone()` on an `Rc<T>`
  --> $DIR/arc_rc_clone.rs:13:13
   |
LL |     let _ = value.clone();
   |             ^^^^^^^^^^^^^
   |
help: use the qualified form to make the cheap refcount bump explicit
   |
LL -     let _ = value.clone();
LL +     let _ = Rc::clone(&value);
   |

warning: calling `.clone()` on an `Arc<T>`
  --> $DIR/arc_rc_clone.rs:23:13
   |
LL |     let _ = state.inner.clone();
   |             ^^^^^^^^^^^^^^^^^^^
   |
help: use the qualified form to make the cheap refcount bump explicit
   |
LL -     let _ = state.inner.clone();
LL +     let _ = Arc::clone(&state.inner);
   |

warning: calling `.clone()` on an `Arc<T>`
  --> $DIR/arc_rc_clone.rs:33:13
   |
LL |     let _ = value.clone();
   |             ^^^^^^^^^^^^^
   |
help: use the qualified form to make the cheap refcount bump explicit
   |
LL -     let _ = value.clone();
LL +     let _ = Arc::clone(value);
   |

warning: calling `.clone()` on an `Arc<T>`
  --> $DIR/arc_rc_clone.rs:66:13
   |
LL |     let _ = arcs.first().unwrap().clone();
   |             ^^^^^^^^^^^^^^^^^^^^^^^^^^^^^
   |
help: use the qualified form to make the cheap refcount bump explicit
   |
LL -     let _ = arcs.first().unwrap().clone();
LL +     let _ = Arc::clone(arcs.first().unwrap());
   |

warning: 5 warnings emitted

