warning: bare email address `security@rust-lang.org`
  --> $DIR/bare_email.rs:1:56
   |
LL | // Bad: bare email in a plain line comment — report to security@rust-lang.org.
   |                                                        ^^^^^^^^^^^^^^^^^^^^^^
   |
   = note: `#[warn(perfectionist::bare_email)]` on by default
help: wrap in `<...>`
   |
LL - // Bad: bare email in a plain line comment — report to security@rust-lang.org.
LL + // Bad: bare email in a plain line comment — report to <security@rust-lang.org>.
   |
help: or prefix with `mailto:`
   |
LL | // Bad: bare email in a plain line comment — report to mailto:security@rust-lang.org.
   |                                                        +++++++

warning: bare email address `security@rust-lang.org`
  --> $DIR/bare_email.rs:5:41
   |
LL | /* Bad: bare email in a block comment — security@rust-lang.org. */
   |                                         ^^^^^^^^^^^^^^^^^^^^^^
   |
help: wrap in `<...>`
   |
LL - /* Bad: bare email in a block comment — security@rust-lang.org. */
LL + /* Bad: bare email in a block comment — <security@rust-lang.org>. */
   |
help: or prefix with `mailto:`
   |
LL | /* Bad: bare email in a block comment — mailto:security@rust-lang.org. */
   |                                         +++++++

warning: bare email address `security@rust-lang.org`
  --> $DIR/bare_email.rs:7:49
   |
LL | /// Bad: bare email in a doc comment — write to security@rust-lang.org.
   |                                                 ^^^^^^^^^^^^^^^^^^^^^^
   |
help: wrap in `<...>`
   |
LL - /// Bad: bare email in a doc comment — write to security@rust-lang.org.
LL + /// Bad: bare email in a doc comment — write to <security@rust-lang.org>.
   |
help: or prefix with `mailto:`
   |
LL | /// Bad: bare email in a doc comment — write to mailto:security@rust-lang.org.
   |                                                 +++++++

warning: 3 warnings emitted

