warning: getter `first_name` returns an owned copy of `self.first_name`
  --> $DIR/cloning_getter.rs:LL:CC
   |
LL |     fn first_name(&self) -> String {
   |     ^^^^^^^^^^^^^^^^^^^^^^^^^^^^^^
   |
   = help: either stop it cloning: return `&str`, and let a caller that needs ownership copy at the call site
   = help: or stop it being a getter: rename it `to_*`, the prefix for a conversion that costs something, which is the right shape when every call site would copy the borrow straight back
   = note: `#[warn(perfectionist::cloning_getter)]` on by default

warning: getter `middle_name` returns an owned copy of `self.middle_name`
  --> $DIR/cloning_getter.rs:LL:CC
   |
LL |     fn middle_name(&self) -> Option<String> {
   |     ^^^^^^^^^^^^^^^^^^^^^^^^^^^^^^^^^^^^^^^
   |
   = help: either stop it cloning: return `Option<&str>`, and let a caller that needs ownership copy at the call site
   = help: or stop it being a getter: rename it `to_*`, the prefix for a conversion that costs something, which is the right shape when every call site would copy the borrow straight back

warning: getter `home` returns an owned copy of `self.home`
  --> $DIR/cloning_getter.rs:LL:CC
   |
LL |     fn home(&self) -> PathBuf {
   |     ^^^^^^^^^^^^^^^^^^^^^^^^^
   |
   = help: either stop it cloning: return `&Path`, and let a caller that needs ownership copy at the call site
   = help: or stop it being a getter: rename it `to_*`, the prefix for a conversion that costs something, which is the right shape when every call site would copy the borrow straight back

warning: getter `tags` returns an owned copy of `self.tags`
  --> $DIR/cloning_getter.rs:LL:CC
   |
LL |     fn tags(&self) -> Vec<String> {
   |     ^^^^^^^^^^^^^^^^^^^^^^^^^^^^^
   |
   = help: either stop it cloning: return `&[String]`, and let a caller that needs ownership copy at the call site
   = help: or stop it being a getter: rename it `to_*`, the prefix for a conversion that costs something, which is the right shape when every call site would copy the borrow straight back

warning: `into_first_name` copies `self.first_name`, but `into_` promises to consume it
  --> $DIR/cloning_getter.rs:LL:CC
   |
LL |     fn into_first_name(&self) -> String {
   |     ^^^^^^^^^^^^^^^^^^^^^^^^^^^^^^^^^^^
   |
   = help: either stop it borrowing: take `self` by value and move the field out, so the caller gets a value of their own and the original ends where the name says it does
   = help: or stop it being an `into_*`: return `&str` and rename it `as_*`, if the caller only needs to read it
   = note: `#[warn(perfectionist::non_consuming_into_conversion)]` on by default

warning: `as_first_name` copies `self.first_name`, but `as_` promises a free conversion
  --> $DIR/cloning_getter.rs:LL:CC
   |
LL |     fn as_first_name(&self) -> String {
   |     ^^^^^^^^^^^^^^^^^^^^^^^^^^^^^^^^^
   |
   = help: either stop it copying: return `&str`, which costs nothing and is what the name promises
   = help: or stop it being an `as_*`: rename it `to_*`, the prefix for a conversion that costs something, so the call site shows what it pays
   = note: `#[warn(perfectionist::cloning_as_conversion)]` on by default

warning: getter `get_anything` returns an owned copy of `self.first_name`
  --> $DIR/cloning_getter.rs:LL:CC
   |
LL |     fn get_anything(&self) -> String {
   |     ^^^^^^^^^^^^^^^^^^^^^^^^^^^^^^^^
   |
   = help: either stop it cloning: return `&str`, and let a caller that needs ownership copy at the call site
   = help: or stop it being a getter: rename it `to_*`, the prefix for a conversion that costs something, which is the right shape when every call site would copy the borrow straight back

warning: getter `token` returns an owned copy of `self.token`
  --> $DIR/cloning_getter.rs:LL:CC
   |
LL |     fn token(&self) -> String {
   |     ^^^^^^^^^^^^^^^^^^^^^^^^^
   |
   = help: either stop it cloning: return `&str`, and let a caller that needs ownership copy at the call site
   = help: or stop it being a getter: rename it `to_*`, the prefix for a conversion that costs something, which is the right shape when every call site would copy the borrow straight back

warning: N warnings emitted
