warning: `to_name` costs nothing, but `to_` promises a conversion that does
  --> $DIR/costless_to_conversion.rs:LL:CC
   |
LL |     fn to_name(&self) -> &str {
   |     ^^^^^^^^^^^^^^^^^^^^^^^^^
   |
   = help: either stop it being a `to_*`: rename it `as_name`, the prefix for a conversion that costs nothing, so the call site shows it is free
   = help: or make it cost something: hand back a value of the caller's own, where one really is needed
   = note: `#[warn(perfectionist::costless_to_conversion)]` on by default

warning: `to_home` costs nothing, but `to_` promises a conversion that does
  --> $DIR/costless_to_conversion.rs:LL:CC
   |
LL |     fn to_home(&self) -> &Path {
   |     ^^^^^^^^^^^^^^^^^^^^^^^^^^
   |
   = help: either stop it being a `to_*`: rename it `as_home`, the prefix for a conversion that costs nothing, so the call site shows it is free
   = help: or make it cost something: hand back a value of the caller's own, where one really is needed

warning: `to_tags` costs nothing, but `to_` promises a conversion that does
  --> $DIR/costless_to_conversion.rs:LL:CC
   |
LL |     fn to_tags(&self) -> &[String] {
   |     ^^^^^^^^^^^^^^^^^^^^^^^^^^^^^^
   |
   = help: either stop it being a `to_*`: rename it `as_tags`, the prefix for a conversion that costs nothing, so the call site shows it is free
   = help: or make it cost something: hand back a value of the caller's own, where one really is needed

warning: `to_home_path` costs nothing, but `to_` promises a conversion that does
  --> $DIR/costless_to_conversion.rs:LL:CC
   |
LL |     fn to_home_path(&self) -> &Path {
   |     ^^^^^^^^^^^^^^^^^^^^^^^^^^^^^^^
   |
   = help: either stop it being a `to_*`: rename it `as_home_path`, the prefix for a conversion that costs nothing, so the call site shows it is free
   = help: or make it cost something: hand back a value of the caller's own, where one really is needed

warning: `to_nickname` costs nothing, but `to_` promises a conversion that does
  --> $DIR/costless_to_conversion.rs:LL:CC
   |
LL |     fn to_nickname(&self) -> Option<&str> {
   |     ^^^^^^^^^^^^^^^^^^^^^^^^^^^^^^^^^^^^^
   |
   = help: either stop it being a `to_*`: rename it `as_nickname`, the prefix for a conversion that costs nothing, so the call site shows it is free
   = help: or make it cost something: hand back a value of the caller's own, where one really is needed

warning: `to_parsed` costs nothing, but `to_` promises a conversion that does
  --> $DIR/costless_to_conversion.rs:LL:CC
   |
LL |     fn to_parsed(&self) -> Result<&String, &String> {
   |     ^^^^^^^^^^^^^^^^^^^^^^^^^^^^^^^^^^^^^^^^^^^^^^^
   |
   = help: either stop it being a `to_*`: rename it `as_parsed`, the prefix for a conversion that costs nothing, so the call site shows it is free
   = help: or make it cost something: hand back a value of the caller's own, where one really is needed

warning: N warnings emitted
