warning: this fold over `with_env` re-implements `with_envs`
  --> $DIR/folded_command_setter_loosened_plural.rs:LL:CC
   |
LL |       let _ = PAIRS
   |  _____________^
LL | |         .iter()
LL | |         .fold(Command::new("ls"), |command, (key, value)| {
LL | |             command.with_env(key, value)
LL | |         });
   | |__________^
   |
   = note: `#[warn(perfectionist::folded_command_setter)]` on by default
help: use `with_envs`
   |
LL ~     let _ = Command::new("ls").with_envs(PAIRS
LL ~         .iter());
   |

warning: this fold over `with_env` re-implements `with_envs`
  --> $DIR/folded_command_setter_loosened_plural.rs:LL:CC
   |
LL |       let _ = pairs
   |  _____________^
LL | |         .into_iter()
LL | |         .fold(Command::new("ls"), |command, (key, value)| {
LL | |             command.with_env(key, value)
LL | |         });
   | |__________^ help: use `with_envs`: `Command::new("ls").with_envs(pairs)`

warning: this fold over `with_env` re-implements `with_envs`
  --> $DIR/folded_command_setter_loosened_plural.rs:LL:CC
   |
LL |       let _ = pairs
   |  _____________^
LL | |         .iter()
LL | |         .fold(Command::new("ls"), |command, (key, value)| {
LL | |             command.with_env(key, value)
LL | |         });
   | |__________^
   |
help: use `with_envs`
   |
LL ~     let _ = Command::new("ls").with_envs(pairs
LL ~         .iter());
   |

warning: this fold over `without_env` re-implements `without_envs`
  --> $DIR/folded_command_setter_loosened_plural.rs:LL:CC
   |
LL |       let _ = names
   |  _____________^
LL | |         .iter()
LL | |         .fold(Command::new("ls"), CommandExtra::without_env);
   | |____________________________________________________________^
   |
help: use `without_envs`
   |
LL ~     let _ = Command::new("ls").without_envs(names
LL ~         .iter());
   |

warning: this fold over `with_arg` re-implements `with_args`
  --> $DIR/folded_command_setter_loosened_plural.rs:LL:CC
   |
LL |     let _ = VARS.iter().fold(Command::new("ls"), CommandExtra::with_arg);
   |             ^^^^^^^^^^^^^^^^^^^^^^^^^^^^^^^^^^^^^^^^^^^^^^^^^^^^^^^^^^^^ help: use `with_args`: `Command::new("ls").with_args(VARS.iter())`

warning: N warnings emitted
