warning: this fold over `without_env` re-implements `without_envs`
  --> $DIR/folded_command_setter_ambiguous_plural.rs:LL:CC
   |
LL |     VARS.iter().fold(ambiguous, CommandExtra::without_env)
   |     ^^^^^^^^^^^^^^^^^^^^^^^^^^^^^^^^^^^^^^^^^^^^^^^^^^^^^^ help: use `without_envs`: `ambiguous.without_envs(VARS.iter())`
   |
   = help: `SameName` also declares `without_envs` for this type, so wherever both traits are in scope the suggestion is ambiguous; call the plural through the path of `CommandExtra` there
   = note: `#[warn(perfectionist::folded_command_setter)]` on by default

warning: this fold over `without_env` re-implements `without_envs`
  --> $DIR/folded_command_setter_ambiguous_plural.rs:LL:CC
   |
LL |     VARS.iter().fold(command, CommandExtra::without_env)
   |     ^^^^^^^^^^^^^^^^^^^^^^^^^^^^^^^^^^^^^^^^^^^^^^^^^^^^ help: use `without_envs`: `command.without_envs(VARS.iter())`

warning: this fold over `without_env` re-implements `without_envs`
  --> $DIR/folded_command_setter_ambiguous_plural.rs:LL:CC
   |
LL |     VARS.iter().fold(ambiguous, CommandExtra::without_env)
   |     ^^^^^^^^^^^^^^^^^^^^^^^^^^^^^^^^^^^^^^^^^^^^^^^^^^^^^^ help: use `without_envs`: `ambiguous.without_envs(VARS.iter())`
   |
   = help: `BoxedSameName` also declares `without_envs` for this type, so wherever both traits are in scope the suggestion is ambiguous; call the plural through the path of `CommandExtra` there

warning: this fold over `without_env` re-implements `without_envs`
  --> $DIR/folded_command_setter_ambiguous_plural.rs:LL:CC
   |
LL |     VARS.iter().fold(ambiguous, CommandExtra::without_env)
   |     ^^^^^^^^^^^^^^^^^^^^^^^^^^^^^^^^^^^^^^^^^^^^^^^^^^^^^^ help: use `without_envs`: `ambiguous.without_envs(VARS.iter())`
   |
   = help: `GenericSameName` also declares `without_envs` for this type, so wherever both traits are in scope the suggestion is ambiguous; call the plural through the path of `CommandExtra` there

warning: N warnings emitted
