warning: this fold over `without_env` re-implements `without_envs`
  --> $DIR/folded_command_setter.rs:LL:CC
   |
LL |     let _ = VARS.iter().fold(Command::new("ls"), CommandExtra::without_env);
   |             ^^^^^^^^^^^^^^^^^^^^^^^^^^^^^^^^^^^^^^^^^^^^^^^^^^^^^^^^^^^^^^^ help: use `without_envs`: `Command::new("ls").without_envs(VARS.iter())`
   |
   = note: `#[warn(perfectionist::folded_command_setter)]` on by default

warning: this fold over `with_arg` re-implements `with_args`
  --> $DIR/folded_command_setter.rs:LL:CC
   |
LL |     let _ = VARS.iter().fold(Command::new("ls"), CommandExtra::with_arg);
   |             ^^^^^^^^^^^^^^^^^^^^^^^^^^^^^^^^^^^^^^^^^^^^^^^^^^^^^^^^^^^^ help: use `with_args`: `Command::new("ls").with_args(VARS.iter())`

warning: this fold over `without_env` re-implements `without_envs`
  --> $DIR/folded_command_setter.rs:LL:CC
   |
LL |     let _ = VARS.iter().fold(Command::new("ls"), Command::without_env);
   |             ^^^^^^^^^^^^^^^^^^^^^^^^^^^^^^^^^^^^^^^^^^^^^^^^^^^^^^^^^^ help: use `without_envs`: `Command::new("ls").without_envs(VARS.iter())`

warning: this fold over `without_env` re-implements `without_envs`
  --> $DIR/folded_command_setter.rs:LL:CC
   |
LL |       let _ = VARS
   |  _____________^
LL | |         .iter()
LL | |         .fold(Command::new("ls"), <Command as CommandExtra>::without_env);
   | |_________________________________________________________________________^
   |
help: use `without_envs`
   |
LL ~     let _ = Command::new("ls").without_envs(VARS
LL ~         .iter());
   |

warning: this fold over `without_env` re-implements `without_envs`
  --> $DIR/folded_command_setter.rs:LL:CC
   |
LL |     let _ = VARS.iter().fold(Command::new("ls"), Ext::without_env);
   |             ^^^^^^^^^^^^^^^^^^^^^^^^^^^^^^^^^^^^^^^^^^^^^^^^^^^^^^ help: use `without_envs`: `Command::new("ls").without_envs(VARS.iter())`

warning: this fold over `without_env` re-implements `without_envs`
  --> $DIR/folded_command_setter.rs:LL:CC
   |
LL |     let _ = VARS.iter().fold(Command::new("ls"), |c, v| c.without_env(v));
   |             ^^^^^^^^^^^^^^^^^^^^^^^^^^^^^^^^^^^^^^^^^^^^^^^^^^^^^^^^^^^^^ help: use `without_envs`: `Command::new("ls").without_envs(VARS.iter())`

warning: this fold over `without_env` re-implements `without_envs`
  --> $DIR/folded_command_setter.rs:LL:CC
   |
LL |       let _ = VARS
   |  _____________^
LL | |         .iter()
LL | |         .fold(Command::new("ls"), |c, v| CommandExtra::without_env(c, v));
   | |_________________________________________________________________________^
   |
help: use `without_envs`
   |
LL ~     let _ = Command::new("ls").without_envs(VARS
LL ~         .iter());
   |

warning: this fold over `with_env` re-implements `with_envs`
  --> $DIR/folded_command_setter.rs:LL:CC
   |
LL |       let _ = pairs
   |  _____________^
LL | |         .into_iter()
LL | |         .fold(Command::new("ls"), |command, (key, value)| {
LL | |             command.with_env(key, value)
LL | |         });
   | |__________^ help: use `with_envs`: `Command::new("ls").with_envs(pairs)`

warning: this fold over `with_env` re-implements `with_envs`
  --> $DIR/folded_command_setter.rs:LL:CC
   |
LL |       let _ = pairs
   |  _____________^
LL | |         .iter()
LL | |         .fold(Command::new("ls"), |command, (key, value)| {
LL | |             command.with_env(key, value)
LL | |         });
   | |__________^
   |
help: use `with_envs`
   |
LL ~     let _ = Command::new("ls").with_envs(pairs
LL ~         .iter());
   |

warning: this fold over `without_env` re-implements `without_envs`
  --> $DIR/folded_command_setter.rs:LL:CC
   |
LL |     let _ = names.fold(Command::new("ls"), CommandExtra::without_env);
   |             ^^^^^^^^^^^^^^^^^^^^^^^^^^^^^^^^^^^^^^^^^^^^^^^^^^^^^^^^^ help: use `without_envs`: `Command::new("ls").without_envs(names)`

warning: this fold over `without_env` re-implements `without_envs`
  --> $DIR/folded_command_setter.rs:LL:CC
   |
LL |       let _ = names
   |  _____________^
LL | |         .into_iter()
LL | |         .fold(Command::new("ls"), CommandExtra::without_env);
   | |____________________________________________________________^ help: use `without_envs`: `Command::new("ls").without_envs(names)`

warning: this fold over `without_env` re-implements `without_envs`
  --> $DIR/folded_command_setter.rs:LL:CC
   |
LL |     let _ = names.iter().fold(Command::new("ls"), CommandExtra::without_env);
   |             ^^^^^^^^^^^^^^^^^^^^^^^^^^^^^^^^^^^^^^^^^^^^^^^^^^^^^^^^^^^^^^^^ help: use `without_envs`: `Command::new("ls").without_envs(names.iter())`

warning: this fold over `without_env` re-implements `without_envs`
  --> $DIR/folded_command_setter.rs:LL:CC
   |
LL | /         self.names
LL | |             .iter()
LL | |             .fold(Command::new("ls"), CommandExtra::without_env)
   | |________________________________________________________________^
   |
help: use `without_envs`
   |
LL ~         Command::new("ls").without_envs(self.names
LL +             .iter())
   |

warning: this fold over `without_env` re-implements `without_envs`
  --> $DIR/folded_command_setter.rs:LL:CC
   |
LL |       let _ = weird
   |  _____________^
LL | |         .iter()
LL | |         .fold(Command::new("ls"), CommandExtra::without_env);
   | |____________________________________________________________^
   |
help: use `without_envs`
   |
LL ~     let _ = Command::new("ls").without_envs(weird
LL ~         .iter());
   |

warning: this fold over `without_env` re-implements `without_envs`
  --> $DIR/folded_command_setter.rs:LL:CC
   |
LL |       let _ = shadow
   |  _____________^
LL | |         .into_iter()
LL | |         .fold(Command::new("ls"), CommandExtra::without_env);
   | |____________________________________________________________^
   |
help: use `without_envs`
   |
LL ~     let _ = Command::new("ls").without_envs(shadow
LL ~         .into_iter());
   |

warning: this fold over `without_env` re-implements `without_envs`
  --> $DIR/folded_command_setter.rs:LL:CC
   |
LL |       let _ = queue
   |  _____________^
LL | |         .drain_all()
LL | |         .fold(Command::new("ls"), CommandExtra::without_env);
   | |____________________________________________________________^
   |
help: use `without_envs`
   |
LL ~     let _ = Command::new("ls").without_envs(queue
LL ~         .drain_all());
   |

warning: this fold over `without_env` re-implements `without_envs`
  --> $DIR/folded_command_setter.rs:LL:CC
   |
LL |       let _ = queue.take_all().fold(
   |  _____________^
LL | |         Command::new(format!("ls{}", queue.0.len())),
LL | |         CommandExtra::without_env,
LL | |     );
   | |_____^ help: use `without_envs`: `Command::new(format!("ls{}", queue.0.len())).without_envs(queue.take_all())`

warning: `Command::arg` takes `&mut self`, so it cannot yield the command
  --> $DIR/folded_command_setter.rs:LL:CC
   |
LL |         command.arg(var);
   |                 ^^^
   |
   = help: use `CommandExtra::with_arg`, which takes `self` and returns `Self`, keeping the whole construction in expression position
   = help: the receiver outlives this call, so where later code reads it, the change also has to reassign it or collapse the statements into one chained expression
   = note: `#[warn(perfectionist::mutating_command_builder)]` on by default

warning: this fold over `without_env` re-implements `without_envs`
  --> $DIR/folded_command_setter.rs:LL:CC
   |
LL |       let _ = names
   |  _____________^
LL | |         .iter()
LL | |         .fold(Command::new("ls"), CommandExtra::without_env);
   | |____________________________________________________________^
   |
help: use `without_envs`
   |
LL ~     let _ = Command::new("ls").without_envs(names
LL ~         .iter());
   |

warning: this fold over `without_env` re-implements `without_envs`
  --> $DIR/folded_command_setter.rs:LL:CC
   |
LL |       let _ = names
   |  _____________^
LL | |         .iter()
LL | |         .fold(Command::new("ls"), CommandExtra::without_env);
   | |____________________________________________________________^
   |
help: use `without_envs`
   |
LL ~     let _ = Command::new("ls").without_envs(names
LL ~         .iter());
   |

warning: this fold over `without_env` re-implements `without_envs`
  --> $DIR/folded_command_setter.rs:LL:CC
   |
LL |       let _ = names
   |  _____________^
LL | |         .into_iter()
LL | |         .fold(Command::new("ls"), CommandExtra::without_env);
   | |____________________________________________________________^
   |
help: use `without_envs`
   |
LL ~     let _ = Command::new("ls").without_envs(names
LL ~         .into_iter());
   |

warning: this fold over `without_env` re-implements `without_envs`
  --> $DIR/folded_command_setter.rs:LL:CC
   |
LL |       let _ = names
   |  _____________^
LL | |         .iter()
LL | |         .fold(Command::new("ls"), CommandExtra::without_env);
   | |____________________________________________________________^
   |
help: use `without_envs`
   |
LL ~     let _ = Command::new("ls").without_envs(names
LL ~         .iter());
   |

warning: this fold over `without_env` re-implements `without_envs`
  --> $DIR/folded_command_setter.rs:LL:CC
   |
LL |       let _ = names
   |  _____________^
LL | |         .iter()
LL | |         .fold(Command::new("ls"), CommandExtra::without_env);
   | |____________________________________________________________^
   |
help: use `without_envs`
   |
LL ~     let _ = Command::new("ls").without_envs(names
LL ~         .iter());
   |

warning: this fold over `without_env` re-implements `without_envs`
  --> $DIR/folded_command_setter.rs:LL:CC
   |
LL |     let _ = VARS.iter().fold(*command, CommandExtra::without_env);
   |             ^^^^^^^^^^^^^^^^^^^^^^^^^^^^^^^^^^^^^^^^^^^^^^^^^^^^^ help: use `without_envs`: `(*command).without_envs(VARS.iter())`

warning: generic type parameter `C` has a single-letter name
  --> $DIR/folded_command_setter.rs:LL:CC
   |
LL | fn generic_accumulator<C: CommandExtra>(command: C) -> C {
   |                        ^
   |
   = help: rename to a descriptive identifier (e.g. `Element`, `Key`, `Reader`)
   = note: `#[warn(perfectionist::single_letter_generic)]` on by default

warning: this fold over `without_env` re-implements `without_envs`
  --> $DIR/folded_command_setter.rs:LL:CC
   |
LL |     VARS.iter().fold(command, CommandExtra::without_env)
   |     ^^^^^^^^^^^^^^^^^^^^^^^^^^^^^^^^^^^^^^^^^^^^^^^^^^^^ help: use `without_envs`: `command.without_envs(VARS.iter())`

warning: N warnings emitted
