warning: `Command::arg` takes `&mut self`, so it cannot yield the command
  --> $DIR/folded_command_setter_accumulator.rs:LL:CC
   |
LL |         command.arg(var);
   |                 ^^^
   |
   = help: use `CommandExtra::with_arg`, which takes `self` and returns `Self`, keeping the whole construction in expression position
   = help: the receiver outlives this call, so where later code reads it, the change also has to reassign it or collapse the statements into one chained expression
   = note: `#[warn(perfectionist::mutating_command_builder)]` on by default

warning: generic type parameter `C` has a single-letter name
  --> $DIR/folded_command_setter_accumulator.rs:LL:CC
   |
LL | fn generic_accumulator<C: CommandExtra>(command: C) -> C {
   |                        ^
   |
   = help: rename to a descriptive identifier (e.g. `Element`, `Key`, `Reader`)
   = note: `#[warn(perfectionist::single_letter_generic)]` on by default

warning: this fold over `without_env` re-implements `without_envs`
  --> $DIR/folded_command_setter_accumulator.rs:LL:CC
   |
LL |     VARS.iter().fold(command, CommandExtra::without_env)
   |     ^^^^^^^^^^^^^^^^^^^^^^^^^^^^^^^^^^^^^^^^^^^^^^^^^^^^ help: use `without_envs`: `command.without_envs(VARS.iter())`
   |
   = note: `#[warn(perfectionist::folded_command_setter)]` on by default

warning: N warnings emitted
