warning: impure expression passed directly to a macro
  --> $DIR/impure_macro_argument.rs:72:22
   |
LL |     debug_assert_eq!(map.insert(0, 0), None, "duplicate key");
   |                      ^^^^^^^^^^^^^^^^
   |
   = help: bind the expression to a `let` immediately before the macro call so it is evaluated exactly once, regardless of how the macro expands
   = note: `#[warn(perfectionist::impure_macro_argument)]` on by default

warning: impure expression passed directly to a macro
  --> $DIR/impure_macro_argument.rs:78:19
   |
LL |     debug_assert!(value().is_some());
   |                   ^^^^^^^^^^^^^^^^^
   |
   = help: bind the expression to a `let` immediately before the macro call so it is evaluated exactly once, regardless of how the macro expands

warning: impure expression passed directly to a macro
  --> $DIR/impure_macro_argument.rs:86:22
   |
LL |     debug_assert_ne!(value(), Some(0));
   |                      ^^^^^^^
   |
   = help: bind the expression to a `let` immediately before the macro call so it is evaluated exactly once, regardless of how the macro expands

warning: impure expression passed directly to a macro
  --> $DIR/impure_macro_argument.rs:86:31
   |
LL |     debug_assert_ne!(value(), Some(0));
   |                               ^^^^^^^
   |
   = help: bind the expression to a `let` immediately before the macro call so it is evaluated exactly once, regardless of how the macro expands

warning: impure expression passed directly to a macro
  --> $DIR/impure_macro_argument.rs:94:23
   |
LL |     let _ = my_macro!(value(), count);
   |                       ^^^^^^^
   |
   = help: bind the expression to a `let` immediately before the macro call so it is evaluated exactly once, regardless of how the macro expands

warning: impure expression passed directly to a macro
  --> $DIR/impure_macro_argument.rs:177:24
   |
LL |       let _ = dsl_macro!({
   |  ________________________^
LL | |         #[allow(unused, reason = "$DIR fixture")]
LL | |         let x: u32 = MAX;
LL | |         x
LL | |     });
   | |_____^
   |
   = help: bind the expression to a `let` immediately before the macro call so it is evaluated exactly once, regardless of how the macro expands

warning: impure expression passed directly to a macro
  --> $DIR/impure_macro_argument.rs:217:19
   |
LL |     debug_assert!(value().is_some());
   |                   ^^^^^^^^^^^^^^^^^
   |
   = help: bind the expression to a `let` immediately before the macro call so it is evaluated exactly once, regardless of how the macro expands

warning: impure expression passed directly to a macro
  --> $DIR/impure_macro_argument.rs:230:26
   |
LL |     let _ = await_macro!(future.await);
   |                          ^^^^^^^^^^^^
   |
   = help: bind the expression to a `let` immediately before the macro call so it is evaluated exactly once, regardless of how the macro expands

warning: impure expression passed directly to a macro
  --> $DIR/impure_macro_argument.rs:307:27
   |
LL |     let _ = my_macro!((), value());
   |                           ^^^^^^^
   |
   = help: bind the expression to a `let` immediately before the macro call so it is evaluated exactly once, regardless of how the macro expands

warning: impure expression passed directly to a macro
  --> $DIR/impure_macro_argument.rs:308:30
   |
LL |     let _ = my_macro!((MAX), value());
   |                              ^^^^^^^
   |
   = help: bind the expression to a `let` immediately before the macro call so it is evaluated exactly once, regardless of how the macro expands

warning: impure expression passed directly to a macro
  --> $DIR/impure_macro_argument.rs:309:43
   |
LL |     let _ = my_macro!((point.0, point.1), value());
   |                                           ^^^^^^^
   |
   = help: bind the expression to a `let` immediately before the macro call so it is evaluated exactly once, regardless of how the macro expands

warning: impure expression passed directly to a macro
  --> $DIR/impure_macro_argument.rs:310:31
   |
LL |     let _ = my_macro!((MAX,), value());
   |                               ^^^^^^^
   |
   = help: bind the expression to a `let` immediately before the macro call so it is evaluated exactly once, regardless of how the macro expands

warning: impure expression passed directly to a macro
  --> $DIR/impure_macro_argument.rs:329:23
   |
LL |     let _ = my_macro!([value(), value()]);
   |                       ^^^^^^^^^^^^^^^^^^
   |
   = help: bind the expression to a `let` immediately before the macro call so it is evaluated exactly once, regardless of how the macro expands

warning: impure expression passed directly to a macro
  --> $DIR/impure_macro_argument.rs:344:26
   |
LL |     let _ = await_macro!([value(); 4]);
   |                          ^^^^^^^^^^^^
   |
   = help: bind the expression to a `let` immediately before the macro call so it is evaluated exactly once, regardless of how the macro expands

warning: impure expression passed directly to a macro
  --> $DIR/impure_macro_argument.rs:345:26
   |
LL |     let _ = await_macro!([0; size()]);
   |                          ^^^^^^^^^^^
   |
   = help: bind the expression to a `let` immediately before the macro call so it is evaluated exactly once, regardless of how the macro expands

warning: impure expression passed directly to a macro
  --> $DIR/impure_macro_argument.rs:388:19
   |
LL |     debug_assert!(slice.clear() == ());
   |                   ^^^^^^^^^^^^^^^^^^^
   |
   = help: bind the expression to a `let` immediately before the macro call so it is evaluated exactly once, regardless of how the macro expands

warning: impure expression passed directly to a macro
  --> $DIR/impure_macro_argument.rs:398:19
   |
LL |     debug_assert!(text.parse::<u32>().is_ok());
   |                   ^^^^^^^^^^^^^^^^^^^^^^^^^^^
   |
   = help: bind the expression to a `let` immediately before the macro call so it is evaluated exactly once, regardless of how the macro expands

warning: 17 warnings emitted

