warning: parameter `verbose` of `render` is only ever passed a literal: `true` at 1 call site, `false` at 1 call site
  --> $DIR/literal_only_parameter.rs:12:26
   |
LL | fn render(items: &[u32], verbose: bool) -> u32 {
   |                          ^^^^^^^^^^^^^
   |
   = help: split the function into one per case and move what the cases share into a helper
   = note: `#[warn(perfectionist::literal_only_parameter)]` on by default

warning: parameter `trailing_newline` of `emit` is always passed `true`
  --> $DIR/literal_only_parameter.rs:27:21
   |
LL | fn emit(value: u32, trailing_newline: bool) -> u32 {
   |                     ^^^^^^^^^^^^^^^^^^^^^^
   |
   = help: drop the parameter and inline the value it always has

warning: parameter `fallback` of `lookup` is only ever passed a literal: `None` at 1 call site, `Some(..)` at 1 call site
  --> $DIR/literal_only_parameter.rs:36:21
   |
LL | fn lookup(key: u32, fallback: Option<u32>) -> u32 {
   |                     ^^^^^^^^^^^^^^^^^^^^^
   |
   = help: split the function into one per case and move what the cases share into a helper

warning: parameter `reset` of `step` is only ever passed a literal: `true` at 1 call site, `false` at 2 call sites
  --> $DIR/literal_only_parameter.rs:57:24
   |
LL |     fn step(&mut self, reset: bool) {
   |                        ^^^^^^^^^^^
   |
   = help: split the function into one per case and move what the cases share into a helper

warning: 4 warnings emitted

