warning: print macro with an embedded newline exceeds the configured line width
  --> $DIR/long_splittable_print_macro.rs:15:5
   |
LL |     println!("error: the operation failed because of {err_src} deep inside the subsystem/nhint: run {magic_cmd} to repair it");
   |     ^^^^^^^^^^^^^^^^^^^^^^^^^^^^^^^^^^^^^^^^^^^^^^^^^^^^^^^^^^^^^^^^^^^^^^^^^^^^^^^^^^^^^^^^^^^^^^^^^^^^^^^^^^^^^^^^^^^^^^^^^^
   |
   = note: `#[warn(perfectionist::long_splittable_print_macro)]` on by default
help: fold the template across lines with a backslash-newline continuation
   |
LL ~     println!(
LL +         "error: the operation failed because of {err_src} deep inside the subsystem/n/
LL +         hint: run {magic_cmd} to repair it",
LL ~     );
   |

warning: print macro with an embedded newline exceeds the configured line width
  --> $DIR/long_splittable_print_macro.rs:24:5
   |
LL |     writeln!(out, "header field that is intentionally verbose: {header} and keeps going/nbody field follows here: {body}")?;
   |     ^^^^^^^^^^^^^^^^^^^^^^^^^^^^^^^^^^^^^^^^^^^^^^^^^^^^^^^^^^^^^^^^^^^^^^^^^^^^^^^^^^^^^^^^^^^^^^^^^^^^^^^^^^^^^^^^^^^^^^
   |
help: fold the template across lines with a backslash-newline continuation
   |
LL ~     writeln!(
LL +         out, "header field that is intentionally verbose: {header} and keeps going/n/
LL +         body field follows here: {body}",
LL ~     )?;
   |

warning: print macro with an embedded newline exceeds the configured line width
  --> $DIR/long_splittable_print_macro.rs:33:5
   |
LL |     println!("the first value is {} and there is plenty of padding here to clear the width limit/nthe second value is {}", first, second);
   |     ^^^^^^^^^^^^^^^^^^^^^^^^^^^^^^^^^^^^^^^^^^^^^^^^^^^^^^^^^^^^^^^^^^^^^^^^^^^^^^^^^^^^^^^^^^^^^^^^^^^^^^^^^^^^^^^^^^^^^^^^^^^^^^^^^^^^^
   |
help: fold the template across lines with a backslash-newline continuation
   |
LL ~     println!(
LL +         "the first value is {} and there is plenty of padding here to clear the width limit/n/
LL +         the second value is {}", first, second,
LL ~     );
   |

warning: print macro with an embedded newline exceeds the configured line width
  --> $DIR/long_splittable_print_macro.rs:38:5
   |
LL |     eprintln!("warning: the request took an unusually long time to finish and may have stalled/ncheck the upstream service");
   |     ^^^^^^^^^^^^^^^^^^^^^^^^^^^^^^^^^^^^^^^^^^^^^^^^^^^^^^^^^^^^^^^^^^^^^^^^^^^^^^^^^^^^^^^^^^^^^^^^^^^^^^^^^^^^^^^^^^^^^^^^
   |
help: fold the template across lines with a backslash-newline continuation
   |
LL ~     eprintln!(
LL +         "warning: the request took an unusually long time to finish and may have stalled/n/
LL +         check the upstream service",
LL ~     );
   |

warning: print macro with an embedded newline exceeds the configured line width
  --> $DIR/long_splittable_print_macro.rs:45:5
   |
LL |     info!("user {user} performed an action that we want to record in a fairly verbose log line/nfollow-up details are here");
   |     ^^^^^^^^^^^^^^^^^^^^^^^^^^^^^^^^^^^^^^^^^^^^^^^^^^^^^^^^^^^^^^^^^^^^^^^^^^^^^^^^^^^^^^^^^^^^^^^^^^^^^^^^^^^^^^^^^^^^^^^^
   |
help: fold the template across lines with a backslash-newline continuation
   |
LL ~     info!(
LL +         "user {user} performed an action that we want to record in a fairly verbose log line/n/
LL +         follow-up details are here",
LL ~     );
   |

warning: print macro with an embedded newline exceeds the configured line width
  --> $DIR/long_splittable_print_macro.rs:89:5
   |
LL | /     println!("a long message padded out so that this source line comfortably exceeds the width limit/nsecond {}", value // keep th...
LL | |     );
   | |_____^
   |
help: fold the template across lines with a backslash-newline continuation
   |
LL ~     println!(
LL +         "a long message padded out so that this source line comfortably exceeds the width limit/n/
LL +         second {}", value, // keep this note
LL ~     );
   |

warning: 6 warnings emitted

