warning: multi-line macro invocation should end with a trailing comma
  --> $DIR/macro_trailing_comma.rs:10:10
   |
LL |         3
   |          ^ help: add a trailing comma: `,`
   |
   = note: `#[warn(perfectionist::macro_trailing_comma)]` on by default

warning: single-line macro invocation should not end with a trailing comma
  --> $DIR/macro_trailing_comma.rs:16:25
   |
LL |     let _ = vec![1, 2, 3,];
   |                         ^ help: remove the trailing comma

warning: multi-line macro invocation should end with a trailing comma
  --> $DIR/macro_trailing_comma.rs:22:18
   |
LL |         compute()
   |                  ^ help: add a trailing comma: `,`

warning: multi-line macro invocation should end with a trailing comma
  --> $DIR/macro_trailing_comma.rs:32:27
   |
LL |         "decoder mismatch"
   |                           ^ help: add a trailing comma: `,`

warning: multi-line macro invocation should end with a trailing comma
  --> $DIR/macro_trailing_comma.rs:41:10
   |
LL |         2
   |          ^ help: add a trailing comma: `,`

warning: multi-line macro invocation should end with a trailing comma
  --> $DIR/macro_trailing_comma.rs:92:6
   |
LL |     )];
   |      ^ help: add a trailing comma: `,`

warning: 6 warnings emitted

