warning: `Command::env` takes `&mut self`, so it cannot yield the command
  --> $DIR/mutating_command_builder_missing_counterpart.rs:LL:CC
   |
LL |     command.env("LANG", "C");
   |             ^^^
   |
   = help: use `CommandExtra::with_env`, which takes `self` and returns `Self`, keeping the whole construction in expression position
   = help: the receiver outlives this call, so where later code reads it, the change also has to reassign it or collapse the statements into one chained expression
   = note: `#[warn(perfectionist::mutating_command_builder)]` on by default

warning: `Command::args` takes `&mut self`, so it cannot yield the command
  --> $DIR/mutating_command_builder_missing_counterpart.rs:LL:CC
   |
LL |     command.args(["-a", "-h"]);
   |             ^^^^
   |
   = help: use `CommandExtra::with_args`, which takes `self` and returns `Self`, keeping the whole construction in expression position
   = help: the receiver outlives this call, so where later code reads it, the change also has to reassign it or collapse the statements into one chained expression

warning: `Command::env_clear` takes `&mut self`, so it cannot yield the command
  --> $DIR/mutating_command_builder_missing_counterpart.rs:LL:CC
   |
LL |     command.env_clear();
   |             ^^^^^^^^^
   |
   = help: use `CommandExtra::with_no_env`, which takes `self` and returns `Self`, keeping the whole construction in expression position
   = help: the receiver outlives this call, so where later code reads it, the change also has to reassign it or collapse the statements into one chained expression

warning: N warnings emitted
