warning: named item cherry-picked from a prelude module
  --> $DIR/named_prelude_import.rs:22:9
   |
LL |     use crate::prelude::A;
   |         ^^^^^^^^^^^^^^^^^ help: import the item from its canonical module: `crate::thing::A`
   |
   = note: `#[warn(perfectionist::named_prelude_import)]` on by default

warning: named item cherry-picked from a prelude module
  --> $DIR/named_prelude_import.rs:27:9
   |
LL |     use crate::prelude::B as Renamed;
   |         ^^^^^^^^^^^^^^^^^ help: import the item from its canonical module: `crate::thing::B`

warning: named item cherry-picked from a prelude module
  --> $DIR/named_prelude_import.rs:32:26
   |
LL |     use crate::prelude::{A, helper};
   |                          ^
   |
   = help: import this item from its canonical module, or glob-import the prelude with `use ...::prelude::*;`

warning: named item cherry-picked from a prelude module
  --> $DIR/named_prelude_import.rs:32:29
   |
LL |     use crate::prelude::{A, helper};
   |                             ^^^^^^
   |
   = help: import this item from its canonical module, or glob-import the prelude with `use ...::prelude::*;`

warning: named item cherry-picked from a prelude module
  --> $DIR/named_prelude_import.rs:65:9
   |
LL |     use crate::multi::prelude::Dual;
   |         ^^^^^^^^^^^^^^^^^^^^^^^^^^^
   |
   = help: import this item from its canonical module, or glob-import the prelude with `use ...::prelude::*;`

warning: named item cherry-picked from a prelude module
  --> $DIR/named_prelude_import.rs:81:9
   |
LL |     use crate::kw_prelude::prelude::Thing;
   |         ^^^^^^^^^^^^^^^^^^^^^^^^^^^^^^^^^ help: import the item from its canonical module: `crate::r#type::Thing`

warning: 6 warnings emitted

