warning: named item cherry-picked from a prelude module
  --> $DIR/named_prelude_imports.rs:29:9
   |
LL |     use crate::prelude::A;
   |         ^^^^^^^^^^^^^^^^^ help: import the item from its canonical module: `crate::thing::A`
   |
   = note: `#[warn(perfectionist::named_prelude_imports)]` on by default

warning: named item cherry-picked from a prelude module
  --> $DIR/named_prelude_imports.rs:34:9
   |
LL |     use crate::prelude::B as Renamed;
   |         ^^^^^^^^^^^^^^^^^ help: import the item from its canonical module: `crate::thing::B`

warning: named item cherry-picked from a prelude module
  --> $DIR/named_prelude_imports.rs:39:26
   |
LL |     use crate::prelude::{A, helper};
   |                          ^
   |
   = help: import this item from its canonical module, or glob-import the prelude with `use ...::prelude::*;`

warning: named item cherry-picked from a prelude module
  --> $DIR/named_prelude_imports.rs:39:29
   |
LL |     use crate::prelude::{A, helper};
   |                             ^^^^^^
   |
   = help: import this item from its canonical module, or glob-import the prelude with `use ...::prelude::*;`

warning: named item cherry-picked from a prelude module
  --> $DIR/named_prelude_imports.rs:72:9
   |
LL |     use crate::multi::prelude::Dual;
   |         ^^^^^^^^^^^^^^^^^^^^^^^^^^^
   |
   = help: import this item from its canonical module, or glob-import the prelude with `use ...::prelude::*;`

warning: named item cherry-picked from a prelude module
  --> $DIR/named_prelude_imports.rs:88:9
   |
LL |     use crate::kw_prelude::prelude::Thing;
   |         ^^^^^^^^^^^^^^^^^^^^^^^^^^^^^^^^^ help: import the item from its canonical module: `crate::r#type::Thing`

warning: 6 warnings emitted

