warning: `as_name` copies `self.name`, but `as_` promises a free conversion
  --> $DIR/owned_as_conversion.rs:LL:CC
   |
LL |     fn as_name(&self) -> String {
   |     ^^^^^^^^^^^^^^^^^^^^^^^^^^^
   |
   = help: either stop it copying: return `&str`, which is free and is what the name promises
   = help: or stop it being an `as_*`: rename it `to_name`, the prefix for a conversion that costs something, so the call site shows what it pays
   = note: `#[warn(perfectionist::owned_as_conversion)]` on by default

warning: `as_home` copies `self.home`, but `as_` promises a free conversion
  --> $DIR/owned_as_conversion.rs:LL:CC
   |
LL |     fn as_home(&self) -> PathBuf {
   |     ^^^^^^^^^^^^^^^^^^^^^^^^^^^^
   |
   = help: either stop it copying: return `&Path`, which is free and is what the name promises
   = help: or stop it being an `as_*`: rename it `to_home`, the prefix for a conversion that costs something, so the call site shows what it pays

warning: `as_tags` copies `self.tags`, but `as_` promises a free conversion
  --> $DIR/owned_as_conversion.rs:LL:CC
   |
LL |     fn as_tags(&self) -> Vec<String> {
   |     ^^^^^^^^^^^^^^^^^^^^^^^^^^^^^^^^
   |
   = help: either stop it copying: return `&[String]`, which is free and is what the name promises
   = help: or stop it being an `as_*`: rename it `to_tags`, the prefix for a conversion that costs something, so the call site shows what it pays

warning: `as_label` copies `self.label`, but `as_` promises a free conversion
  --> $DIR/owned_as_conversion.rs:LL:CC
   |
LL |     fn as_label(&self) -> Box<str> {
   |     ^^^^^^^^^^^^^^^^^^^^^^^^^^^^^^
   |
   = help: either stop it copying: return `&str`, which is free and is what the name promises
   = help: or stop it being an `as_*`: rename it `to_label`, the prefix for a conversion that costs something, so the call site shows what it pays

warning: `as_middle` copies `self.middle`, but `as_` promises a free conversion
  --> $DIR/owned_as_conversion.rs:LL:CC
   |
LL |     fn as_middle(&self) -> Option<String> {
   |     ^^^^^^^^^^^^^^^^^^^^^^^^^^^^^^^^^^^^^
   |
   = help: either stop it copying: return `Option<&str>`, which is free and is what the name promises
   = help: or stop it being an `as_*`: rename it `to_middle`, the prefix for a conversion that costs something, so the call site shows what it pays

warning: `as_cpath` copies `self.cpath`, but `as_` promises a free conversion
  --> $DIR/owned_as_conversion.rs:LL:CC
   |
LL |     fn as_cpath(&self) -> CString {
   |     ^^^^^^^^^^^^^^^^^^^^^^^^^^^^^
   |
   = help: either stop it copying: return `&CStr`, which is free and is what the name promises
   = help: or stop it being an `as_*`: rename it `to_cpath`, the prefix for a conversion that costs something, so the call site shows what it pays

warning: `as_widget` copies `self.widget`, but `as_` promises a free conversion
  --> $DIR/owned_as_conversion.rs:LL:CC
   |
LL |     fn as_widget(&self) -> Widget {
   |     ^^^^^^^^^^^^^^^^^^^^^^^^^^^^^
   |
   = help: either stop it copying: return `&Widget`, which is free and is what the name promises
   = help: or stop it being an `as_*`: rename it `to_widget`, the prefix for a conversion that costs something, so the call site shows what it pays

warning: `as_age_label` returns an owned `String`, but `as_` promises a free conversion
  --> $DIR/owned_as_conversion.rs:LL:CC
   |
LL |     fn as_age_label(&self) -> String {
   |     ^^^^^^^^^^^^^^^^^^^^^^^^^^^^^^^^
   |
   = note: the value is built rather than borrowed, so no borrow of `self` would serve in its place
   = help: rename it `to_age_label`, the prefix for a conversion that costs something, so the call site shows what it pays

warning: `as_words` returns an owned `Vec<String>`, but `as_` promises a free conversion
  --> $DIR/owned_as_conversion.rs:LL:CC
   |
LL |     fn as_words(&self) -> Vec<String> {
   |     ^^^^^^^^^^^^^^^^^^^^^^^^^^^^^^^^^
   |
   = note: the value is built rather than borrowed, so no borrow of `self` would serve in its place
   = help: rename it `to_words`, the prefix for a conversion that costs something, so the call site shows what it pays

warning: `as_index` returns an owned `HashMap<String, u32>`, but `as_` promises a free conversion
  --> $DIR/owned_as_conversion.rs:LL:CC
   |
LL |     fn as_index(&self) -> HashMap<String, u32> {
   |     ^^^^^^^^^^^^^^^^^^^^^^^^^^^^^^^^^^^^^^^^^^
   |
   = note: the value is built rather than borrowed, so no borrow of `self` would serve in its place
   = help: rename it `to_index`, the prefix for a conversion that costs something, so the call site shows what it pays

warning: `as_key` returns an owned `String`, but `as_` promises a free conversion
  --> $DIR/owned_as_conversion.rs:LL:CC
   |
LL |     fn as_key(&self) -> String {
   |     ^^^^^^^^^^^^^^^^^^^^^^^^^^
   |
   = note: the value is built rather than borrowed, so no borrow of `self` would serve in its place
   = help: rename it `to_key`, the prefix for a conversion that costs something, so the call site shows what it pays

warning: `as_parsed` returns an owned `Result<String, ()>`, but `as_` promises a free conversion
  --> $DIR/owned_as_conversion.rs:LL:CC
   |
LL |     fn as_parsed(&self) -> Result<String, ()> {
   |     ^^^^^^^^^^^^^^^^^^^^^^^^^^^^^^^^^^^^^^^^^
   |
   = note: the value is built rather than borrowed, so no borrow of `self` would serve in its place
   = help: rename it `to_parsed`, the prefix for a conversion that costs something, so the call site shows what it pays

warning: N warnings emitted
