warning: const item `N` has a single-letter name
  --> $DIR/single_letter_const_item.rs:4:7
   |
LL | const N: usize = 2;
   |       ^
   |
   = help: rename to a descriptive identifier (e.g. `DIMENSION`, `BUFFER_LEN`, `MAX_RETRIES`)
   = note: `#[warn(perfectionist::single_letter_const_item)]` on by default

warning: const item `D` has a single-letter name
  --> $DIR/single_letter_const_item.rs:7:7
   |
LL | const D: u64 = 64;
   |       ^
   |
   = help: rename to a descriptive identifier (e.g. `DIMENSION`, `BUFFER_LEN`, `MAX_RETRIES`)

warning: const item `C` has a single-letter name
  --> $DIR/single_letter_const_item.rs:18:11
   |
LL |     const C: usize = 64;
   |           ^
   |
   = help: rename to a descriptive identifier (e.g. `DIMENSION`, `BUFFER_LEN`, `MAX_RETRIES`)

warning: const item `M` has a single-letter name
  --> $DIR/single_letter_const_item.rs:26:11
   |
LL |     const M: usize;
   |           ^
   |
   = help: rename to a descriptive identifier (e.g. `DIMENSION`, `BUFFER_LEN`, `MAX_RETRIES`)

warning: const item `K` has a single-letter name
  --> $DIR/single_letter_const_item.rs:29:11
   |
LL |     const K: usize = 8;
   |           ^
   |
   = help: rename to a descriptive identifier (e.g. `DIMENSION`, `BUFFER_LEN`, `MAX_RETRIES`)

warning: const item `M` has a single-letter name
  --> $DIR/single_letter_const_item.rs:34:11
   |
LL |     const M: usize = 16;
   |           ^
   |
   = help: rename to a descriptive identifier (e.g. `DIMENSION`, `BUFFER_LEN`, `MAX_RETRIES`)

warning: const item `K` has a single-letter name
  --> $DIR/single_letter_const_item.rs:35:11
   |
LL |     const K: usize = 8;
   |           ^
   |
   = help: rename to a descriptive identifier (e.g. `DIMENSION`, `BUFFER_LEN`, `MAX_RETRIES`)

warning: const item `A` has a single-letter name
  --> $DIR/single_letter_const_item.rs:40:11
   |
LL |     const A: u32 = 1;
   |           ^
   |
   = help: rename to a descriptive identifier (e.g. `DIMENSION`, `BUFFER_LEN`, `MAX_RETRIES`)

warning: 8 warnings emitted

