warning: this closure chains 2 steps onto the item, so `map` does all of them
  --> $DIR/splittable_adapter_step_chain_families.rs:LL:CC
   |
LL |     header.map(|text| text.trim().len())
   |            ^^^
   |
   = help: lift all but the last step into a leading `map` of its own, leaving the closure the step that is the adapter's
   = note: `#[warn(perfectionist::splittable_adapter_step_chain)]` on by default

warning: this closure chains 2 steps onto the item, so `map` does all of them
  --> $DIR/splittable_adapter_step_chain_families.rs:LL:CC
   |
LL |     outcome.map(|text| text.trim().len())
   |             ^^^
   |
   = help: lift all but the last step into a leading `map` of its own, leaving the closure the step that is the adapter's

warning: this closure chains 2 steps onto the item, so `map_err` does all of them
  --> $DIR/splittable_adapter_step_chain_families.rs:LL:CC
   |
LL |     outcome.map_err(|text| text.trim().len())
   |             ^^^^^^^
   |
   = help: lift all but the last step into a leading `map_err` of its own, leaving the closure the step that is the adapter's

warning: this closure chains 2 steps onto the item, so `map` does all of them
  --> $DIR/splittable_adapter_step_chain_families.rs:LL:CC
   |
LL |     state.map(|text| text.trim().len())
   |           ^^^
   |
   = help: lift all but the last step into a leading `map` of its own, leaving the closure the step that is the adapter's

warning: this closure chains 2 steps onto the item, so `map_ok` does all of them
  --> $DIR/splittable_adapter_step_chain_families.rs:LL:CC
   |
LL |     state.map_ok(|text| text.trim().len())
   |           ^^^^^^
   |
   = help: lift all but the last step into a leading `map_ok` of its own, leaving the closure the step that is the adapter's

warning: this closure chains 2 steps onto the item, so `map_break` does all of them
  --> $DIR/splittable_adapter_step_chain_families.rs:LL:CC
   |
LL |     flow.map_break(|text| text.trim().len())
   |          ^^^^^^^^^
   |
   = help: lift all but the last step into a leading `map_break` of its own, leaving the closure the step that is the adapter's

warning: this closure chains 2 steps onto the item, so `map_continue` does all of them
  --> $DIR/splittable_adapter_step_chain_families.rs:LL:CC
   |
LL |     flow.map_continue(|text| text.trim().len())
   |          ^^^^^^^^^^^^
   |
   = help: lift all but the last step into a leading `map_continue` of its own, leaving the closure the step that is the adapter's

warning: N warnings emitted
