warning: this predicate runs 2 tests on the item, so `filter` does all of them
  --> $DIR/splittable_adapter_predicate.rs:LL:CC
   |
LL |         .filter(|line| wanted(line) && line.starts_with('#'))
   |          ^^^^^^
   |
   = help: lift all but the last test into a leading `filter` of its own, so each adapter asks one question
   = note: `#[warn(perfectionist::splittable_adapter_predicate)]` on by default

warning: this predicate runs 3 tests on the item, so `filter` does all of them
  --> $DIR/splittable_adapter_predicate.rs:LL:CC
   |
LL |         .filter(|line| wanted(line) && line.starts_with('#') && line.ends_with('!'))
   |          ^^^^^^
   |
   = help: lift all but the last test into a leading `filter` of its own, so each adapter asks one question

warning: this predicate runs 2 tests on the item, so `filter` does all of them
  --> $DIR/splittable_adapter_predicate.rs:LL:CC
   |
LL |         .filter(|line| wanted(line) && (line.starts_with('#') || line.ends_with('!')))
   |          ^^^^^^
   |
   = help: lift all but the last test into a leading `filter` of its own, so each adapter asks one question

warning: this predicate runs 2 tests on the item, so `find` does all of them
  --> $DIR/splittable_adapter_predicate.rs:LL:CC
   |
LL |     lines.find(|line| wanted(line) && line.starts_with('#'))
   |           ^^^^
   |
   = help: lift all but the last test into a leading `filter` of its own, so each adapter asks one question

warning: this predicate runs 2 tests on the item, so `rfind` does all of them
  --> $DIR/splittable_adapter_predicate.rs:LL:CC
   |
LL |     lines.rfind(|line| wanted(line) && line.starts_with('#'))
   |           ^^^^^
   |
   = help: lift all but the last test into a leading `filter` of its own, so each adapter asks one question

warning: this predicate runs 2 tests on the item, so `any` does all of them
  --> $DIR/splittable_adapter_predicate.rs:LL:CC
   |
LL |     lines.any(|line| wanted(line) && line.starts_with('#'))
   |           ^^^
   |
   = help: lift all but the last test into a leading `filter` of its own, so each adapter asks one question

warning: this predicate runs 2 tests on the item, so `take_while` does all of them
  --> $DIR/splittable_adapter_predicate.rs:LL:CC
   |
LL |         .take_while(|line| wanted(line) && line.starts_with('#'))
   |          ^^^^^^^^^^
   |
   = help: lift all but the last test into a leading `take_while` of its own, so each adapter asks one question

warning: this predicate runs 2 tests on the item, so `any` does all of them
  --> $DIR/splittable_adapter_predicate.rs:LL:CC
   |
LL |         .any(|name| name.starts_with('a') && name.ends_with('z'))
   |          ^^^
   |
   = help: lift all but the last test into a leading `filter` of its own, so each adapter asks one question

warning: this predicate runs 2 tests on the item, so `filter` does all of them
  --> $DIR/splittable_adapter_predicate.rs:LL:CC
   |
LL |     line.filter(|line| wanted(line) && line.starts_with('#'))
   |          ^^^^^^
   |
   = help: lift all but the last test into a leading `filter` of its own, so each adapter asks one question

warning: this predicate runs 2 tests on the item, so `is_some_and` does all of them
  --> $DIR/splittable_adapter_predicate.rs:LL:CC
   |
LL |     line.is_some_and(|line| wanted(line) && line.starts_with('#'))
   |          ^^^^^^^^^^^
   |
   = help: lift all but the last test into a leading `filter` of its own, so each adapter asks one question

warning: N warnings emitted
