warning: this closure runs two fallible stages, so `filter_map` does both
  --> $DIR/splittable_adapter_closure_option_chain.rs:LL:CC
   |
LL |     lines.filter_map(|line| parse(line).and_then(validate)).collect()
   |           ^^^^^^^^^^
   |
   = help: give the `and_then` a trailing `filter_map` of its own, so each fallible stage is one adapter
   = note: `#[warn(perfectionist::splittable_adapter_closure)]` on by default

warning: this closure makes a value after a stage that may fail, so `filter_map` does both
  --> $DIR/splittable_adapter_closure_option_chain.rs:LL:CC
   |
LL |     lines.filter_map(|line| parse(line).map(double)).collect()
   |           ^^^^^^^^^^
   |
   = help: give the `map` its own trailing `map`, so the adapter is left only what can fail

warning: this closure tests a value it made in the same closure, so `filter_map` does both
  --> $DIR/splittable_adapter_closure_option_chain.rs:LL:CC
   |
LL |     lines.filter_map(|line| parse(line).filter(positive)).collect()
   |           ^^^^^^^^^^
   |
   = help: give the `filter` its own trailing `filter`, so the adapter is left only what it makes

warning: this closure holds a guard and a value, so `filter_map` does both
  --> $DIR/splittable_adapter_closure_option_chain.rs:LL:CC
   |
LL |     lines.filter_map(|line| wanted(line).then(|| render(line))).collect()
   |           ^^^^^^^^^^
   |
   = help: lift the guard into a leading `filter` and let a `map` make the value, so neither adapter does both

warning: this closure holds a guard and a value, so `filter_map` does both
  --> $DIR/splittable_adapter_closure_option_chain.rs:LL:CC
   |
LL |     lines.filter_map(|line| wanted(line).then_some(1)).collect()
   |           ^^^^^^^^^^
   |
   = help: lift the guard into a leading `filter` and let a `map` make the value, so neither adapter does both

warning: this closure runs two fallible stages, so `find_map` does both
  --> $DIR/splittable_adapter_closure_option_chain.rs:LL:CC
   |
LL |     lines.find_map(|line| parse(line).and_then(validate))
   |           ^^^^^^^^
   |
   = help: give the stage before the `and_then` a leading `filter_map` of its own, so each fallible stage is one adapter

warning: this closure holds a guard and a value, so `map_while` does both
  --> $DIR/splittable_adapter_closure_option_chain.rs:LL:CC
   |
LL |     lines.map_while(|line| wanted(line).then(|| render(line))).collect()
   |           ^^^^^^^^^
   |
   = help: lift the guard into a leading `take_while` and let a `map` make the value, so neither adapter does both

warning: this closure makes a value after a stage that may fail, so `map_while` does both
  --> $DIR/splittable_adapter_closure_option_chain.rs:LL:CC
   |
LL |     lines.map_while(|line| parse(line).map(double)).collect()
   |           ^^^^^^^^^
   |
   = help: give the `map` its own trailing `map`, so the adapter is left only what can fail

warning: this closure chains 2 steps onto the item, so `map_while` does all of them
  --> $DIR/splittable_adapter_closure_option_chain.rs:LL:CC
   |
LL |         .map_while(|line| parse(line).and_then(validate))
   |          ^^^^^^^^^
   |
   = help: lift all but the last step into a leading `map` of its own, leaving the closure the step that is the adapter's

warning: this closure chains 2 steps onto the item, so `map_while` does all of them
  --> $DIR/splittable_adapter_closure_option_chain.rs:LL:CC
   |
LL |         .map_while(|line| parse(line).filter(positive))
   |          ^^^^^^^^^
   |
   = help: lift all but the last step into a leading `map` of its own, leaving the closure the step that is the adapter's

warning: this closure chains 2 steps onto the item, so `find_map` does all of them
  --> $DIR/splittable_adapter_closure_option_chain.rs:LL:CC
   |
LL |     lines.find_map(|line| parse(line).filter(positive))
   |           ^^^^^^^^
   |
   = help: lift all but the last step into a leading `map` of its own, leaving the closure the step that is the adapter's

warning: this closure makes a value after a stage that may fail, so `find_map` does both
  --> $DIR/splittable_adapter_closure_option_chain.rs:LL:CC
   |
LL |     lines.find_map(|line| parse(line).map(double))
   |           ^^^^^^^^
   |
   = help: give the `map` its own trailing `map`, so the adapter is left only what can fail

warning: this closure chains 2 steps onto the item, so `filter_map` does all of them
  --> $DIR/splittable_adapter_closure_option_chain.rs:LL:CC
   |
LL |     names.filter_map(|name| consume(name).then_some(1)).collect()
   |           ^^^^^^^^^^
   |
   = help: lift all but the last step into a leading `map` of its own, leaving the closure the step that is the adapter's

warning: this closure holds a guard and a value, so `filter_map` does both
  --> $DIR/splittable_adapter_closure_option_chain.rs:LL:CC
   |
LL |         .filter_map(|flag| flag.then_some(1))
   |          ^^^^^^^^^^
   |
   = help: lift the guard into a leading `filter` and let a `map` make the value, so neither adapter does both

warning: this closure chains 2 steps onto the item, so `map_while` does all of them
  --> $DIR/splittable_adapter_closure_option_chain.rs:LL:CC
   |
LL |     names.map_while(|name| consume(name).then_some(1)).collect()
   |           ^^^^^^^^^
   |
   = help: lift all but the last step into a leading `map` of its own, leaving the closure the step that is the adapter's

warning: this closure holds a guard and a value, so `map_while` does both
  --> $DIR/splittable_adapter_closure_option_chain.rs:LL:CC
   |
LL |         .map_while(|flag| flag.then_some(1))
   |          ^^^^^^^^^
   |
   = help: lift the guard into a leading `take_while` and let a `map` make the value, so neither adapter does both

warning: this closure chains 2 steps onto the item, so `filter_map` does all of them
  --> $DIR/splittable_adapter_closure_option_chain.rs:LL:CC
   |
LL |         .filter_map(|line| line.strip_prefix("# ").map(str::len))
   |          ^^^^^^^^^^
   |
   = help: lift all but the last step into a leading `map` of its own, leaving the closure the step that is the adapter's

warning: this closure chains 2 steps onto the item, so `filter_map` does all of them
  --> $DIR/splittable_adapter_closure_option_chain.rs:LL:CC
   |
LL |     lines.filter_map(|line| sieve(line).and_then(parse)).collect()
   |           ^^^^^^^^^^
   |
   = help: lift all but the last step into a leading `map` of its own, leaving the closure the step that is the adapter's

warning: this closure chains 2 steps onto the item, so `filter_map` does all of them
  --> $DIR/splittable_adapter_closure_option_chain.rs:LL:CC
   |
LL |     lines.filter_map(|line| sieve(line).map(render)).collect()
   |           ^^^^^^^^^^
   |
   = help: lift all but the last step into a leading `map` of its own, leaving the closure the step that is the adapter's

warning: this closure chains 2 steps onto the item, so `filter_map` does all of them
  --> $DIR/splittable_adapter_closure_option_chain.rs:LL:CC
   |
LL |         .filter_map(|line| sieve(line).filter(|text| wanted(text)))
   |          ^^^^^^^^^^
   |
   = help: lift all but the last step into a leading `map` of its own, leaving the closure the step that is the adapter's

warning: this closure chains 2 steps onto the item, so `map` does all of them
  --> $DIR/splittable_adapter_closure_option_chain.rs:LL:CC
   |
LL |     lines.map(|line| parse(line).map(double)).collect()
   |           ^^^
   |
   = help: lift all but the last step into a leading `map` of its own, leaving the closure the step that is the adapter's

warning: this closure chains 4 steps onto the item, so `filter_map` does all of them
  --> $DIR/splittable_adapter_closure_option_chain.rs:LL:CC
   |
LL |         .filter_map(|line| line.trim().parse::<usize>().map(double).ok())
   |          ^^^^^^^^^^
   |
   = help: lift all but the last step into a leading `map` of its own, leaving the closure the step that is the adapter's

warning: N warnings emitted
