warning: this closure holds a guard and a value, so `filter_map` does both
  --> $DIR/splittable_adapter_option_chain.rs:LL:CC
   |
LL |     lines.filter_map(|line| parse(line).and_then(validate)).collect()
   |           ^^^^^^^^^^
   |
   = help: give the `and_then` its own `filter_map`, so each fallible stage is one adapter
   = note: `#[warn(perfectionist::splittable_adapter_option_chain)]` on by default

warning: this closure holds a guard and a value, so `filter_map` does both
  --> $DIR/splittable_adapter_option_chain.rs:LL:CC
   |
LL |     lines.filter_map(|line| parse(line).map(double)).collect()
   |           ^^^^^^^^^^
   |
   = help: give the `map` its own trailing `map`, so the adapter is left only what can fail

warning: this closure holds a guard and a value, so `filter_map` does both
  --> $DIR/splittable_adapter_option_chain.rs:LL:CC
   |
LL |     lines.filter_map(|line| parse(line).filter(positive)).collect()
   |           ^^^^^^^^^^
   |
   = help: give the `filter` its own trailing `filter`, so the adapter is left only what it makes

warning: this closure holds a guard and a value, so `filter_map` does both
  --> $DIR/splittable_adapter_option_chain.rs:LL:CC
   |
LL |     lines.filter_map(|line| wanted(line).then(|| render(line))).collect()
   |           ^^^^^^^^^^
   |
   = help: lift the guard into a leading `filter` and let a `map` make the value, so neither adapter does both

warning: this closure holds a guard and a value, so `filter_map` does both
  --> $DIR/splittable_adapter_option_chain.rs:LL:CC
   |
LL |     lines.filter_map(|line| wanted(line).then_some(1)).collect()
   |           ^^^^^^^^^^
   |
   = help: lift the guard into a leading `filter` and let a `map` make the value, so neither adapter does both

warning: this closure holds a guard and a value, so `find_map` does both
  --> $DIR/splittable_adapter_option_chain.rs:LL:CC
   |
LL |     lines.find_map(|line| parse(line).and_then(validate))
   |           ^^^^^^^^
   |
   = help: give the `and_then` its own `filter_map`, so each fallible stage is one adapter

warning: this closure holds a guard and a value, so `map_while` does both
  --> $DIR/splittable_adapter_option_chain.rs:LL:CC
   |
LL |     lines.map_while(|line| wanted(line).then(|| render(line))).collect()
   |           ^^^^^^^^^
   |
   = help: lift the guard into a leading `take_while` and let a `map` make the value, so neither adapter does both

warning: this closure holds a guard and a value, so `map_while` does both
  --> $DIR/splittable_adapter_option_chain.rs:LL:CC
   |
LL |     lines.map_while(|line| parse(line).map(double)).collect()
   |           ^^^^^^^^^
   |
   = help: give the `map` its own trailing `map`, so the adapter is left only what can fail

warning: N warnings emitted
