warning: this closure chains 2 steps onto the item, so `map` does all of them
  --> $DIR/splittable_adapter_closure_chain.rs:LL:CC
   |
LL |         .map(|header| header.trim().to_ascii_lowercase())
   |          ^^^
   |
   = help: lift all but the last step into a leading `map` of its own, leaving the closure the step that is the adapter's
   = note: `#[warn(perfectionist::splittable_adapter_closure)]` on by default

warning: this closure chains 3 steps onto the item, so `map` does all of them
  --> $DIR/splittable_adapter_closure_chain.rs:LL:CC
   |
LL |         .map(|line| line.trim().to_ascii_lowercase().len())
   |          ^^^
   |
   = help: lift all but the last step into a leading `map` of its own, leaving the closure the step that is the adapter's

warning: this closure chains 2 steps onto the item, so `map` does all of them
  --> $DIR/splittable_adapter_closure_chain.rs:LL:CC
   |
LL |     lines.map(|line| parse(line.trim())).collect()
   |           ^^^
   |
   = help: lift all but the last step into a leading `map` of its own, leaving the closure the step that is the adapter's

warning: this closure chains 2 steps onto the item, so `fold` does all of them
  --> $DIR/splittable_adapter_closure_chain.rs:LL:CC
   |
LL |     lines.fold(1, |acc, line| line.trim().len().wrapping_mul(acc))
   |           ^^^^
   |
   = help: lift every step into a leading `map` of its own, leaving the closure the accumulation

warning: this closure chains 2 steps onto the item, so `fold` does all of them
  --> $DIR/splittable_adapter_closure_chain.rs:LL:CC
   |
LL |     lines.fold(0, |total, line| line.trim().parse().unwrap_or_else(|_| total))
   |           ^^^^
   |
   = help: lift every step into a leading `map` of its own, leaving the closure the accumulation

warning: N warnings emitted
