warning: this closure chains 3 steps onto the item, so `for_each` does all of them
  --> $DIR/splittable_adapter_closure_adapters.rs:LL:CC
   |
LL |     lines.for_each(|line| record(line.trim().len()));
   |           ^^^^^^^^
   |
   = note: `#[warn(perfectionist::splittable_adapter_closure)]` on by default
help: lift all but the last step into a leading `map` of its own, leaving the closure the step that is the adapter's
   |
LL -     lines.for_each(|line| record(line.trim().len()));
LL +     lines.map(str::trim).map(str::len).for_each(record);
   |

warning: this closure chains 2 steps onto the item, so `any` does all of them
  --> $DIR/splittable_adapter_closure_adapters.rs:LL:CC
   |
LL |     lines.any(|line| line.trim().is_empty())
   |           ^^^
   |
help: lift all but the last step into a leading `map` of its own, leaving the closure the step that is the adapter's
   |
LL -     lines.any(|line| line.trim().is_empty())
LL +     lines.map(str::trim).any(str::is_empty)
   |

warning: this closure chains 2 steps onto the item, so `map` does all of them
  --> $DIR/splittable_adapter_closure_adapters.rs:LL:CC
   |
LL |     headers.map(|header| label(header.len())).collect()
   |             ^^^
   |
help: lift all but the last step into a leading `map` of its own, leaving the closure the step that is the adapter's
   |
LL -     headers.map(|header| label(header.len())).collect()
LL +     headers.map(|header| header.len()).map(label).collect()
   |

warning: this closure chains 3 steps onto the item, so `filter_map` does all of them
  --> $DIR/splittable_adapter_closure_adapters.rs:LL:CC
   |
LL |         .filter_map(|line| line.trim().parse::<usize>().ok())
   |          ^^^^^^^^^^
   |
help: lift all but the last step into a leading `map` of its own, leaving the closure the step that is the adapter's
   |
LL -         .filter_map(|line| line.trim().parse::<usize>().ok())
LL +         .map(str::trim).map(str::parse::<usize>).filter_map(Result::ok)
   |

warning: this closure chains 3 steps onto the item, so `find_map` does all of them
  --> $DIR/splittable_adapter_closure_adapters.rs:LL:CC
   |
LL |     lines.find_map(|line| line.trim().parse::<usize>().ok())
   |           ^^^^^^^^
   |
help: lift all but the last step into a leading `map` of its own, leaving the closure the step that is the adapter's
   |
LL -     lines.find_map(|line| line.trim().parse::<usize>().ok())
LL +     lines.map(str::trim).map(str::parse::<usize>).find_map(Result::ok)
   |

warning: this closure chains 3 steps onto the item, so `map_while` does all of them
  --> $DIR/splittable_adapter_closure_adapters.rs:LL:CC
   |
LL |         .map_while(|line| line.trim().parse::<usize>().ok())
   |          ^^^^^^^^^
   |
help: lift all but the last step into a leading `map` of its own, leaving the closure the step that is the adapter's
   |
LL -         .map_while(|line| line.trim().parse::<usize>().ok())
LL +         .map(str::trim).map(str::parse::<usize>).map_while(Result::ok)
   |

warning: this closure chains 2 steps onto the item, so `fold` does all of them
  --> $DIR/splittable_adapter_closure_adapters.rs:LL:CC
   |
LL |     lines.fold(0, |total, line| total + line.trim().len())
   |           ^^^^
   |
help: lift every step into a leading `map` of its own, leaving the closure the accumulation
   |
LL -     lines.fold(0, |total, line| total + line.trim().len())
LL +     lines.map(str::trim).map(str::len).fold(0, |total, /* name */| total + /* name */)
   |

warning: this closure chains 2 steps onto the item, so `flat_map` does all of them
  --> $DIR/splittable_adapter_closure_adapters.rs:LL:CC
   |
LL |     lines.flat_map(|line| line.trim().chars()).collect()
   |           ^^^^^^^^
   |
help: lift all but the last step into a leading `map` of its own, leaving the closure the step that is the adapter's
   |
LL -     lines.flat_map(|line| line.trim().chars()).collect()
LL +     lines.map(str::trim).flat_map(str::chars).collect()
   |

warning: this closure chains 4 steps onto the item, so `try_for_each` does all of them
  --> $DIR/splittable_adapter_closure_adapters.rs:LL:CC
   |
LL |     lines.try_for_each(|line| Some(record(line.trim().len())))
   |           ^^^^^^^^^^^^
   |
help: lift all but the last step into a leading `map` of its own, leaving the closure the step that is the adapter's
   |
LL -     lines.try_for_each(|line| Some(record(line.trim().len())))
LL +     lines.map(str::trim).map(str::len).map(record).try_for_each(Some)
   |

warning: this closure chains 2 steps onto the item, so `all` does all of them
  --> $DIR/splittable_adapter_closure_adapters.rs:LL:CC
   |
LL |     lines.all(|line| line.trim().is_empty())
   |           ^^^
   |
help: lift all but the last step into a leading `map` of its own, leaving the closure the step that is the adapter's
   |
LL -     lines.all(|line| line.trim().is_empty())
LL +     lines.map(str::trim).all(str::is_empty)
   |

warning: this closure chains 2 steps onto the item, so `position` does all of them
  --> $DIR/splittable_adapter_closure_adapters.rs:LL:CC
   |
LL |     lines.position(|line| line.trim().is_empty())
   |           ^^^^^^^^
   |
help: lift all but the last step into a leading `map` of its own, leaving the closure the step that is the adapter's
   |
LL -     lines.position(|line| line.trim().is_empty())
LL +     lines.map(str::trim).position(str::is_empty)
   |

warning: this closure chains 2 steps onto the item, so `rposition` does all of them
  --> $DIR/splittable_adapter_closure_adapters.rs:LL:CC
   |
LL |     lines.rposition(|line| line.trim().is_empty())
   |           ^^^^^^^^^
   |
help: lift all but the last step into a leading `map` of its own, leaving the closure the step that is the adapter's
   |
LL -     lines.rposition(|line| line.trim().is_empty())
LL +     lines.map(str::trim).rposition(str::is_empty)
   |

warning: this closure chains 2 steps onto the item, so `try_fold` does all of them
  --> $DIR/splittable_adapter_closure_adapters.rs:LL:CC
   |
LL |     lines.try_fold(0, |total, line| Some(total + line.trim().len()))
   |           ^^^^^^^^
   |
help: lift every step into a leading `map` of its own, leaving the closure the accumulation
   |
LL -     lines.try_fold(0, |total, line| Some(total + line.trim().len()))
LL +     lines.map(str::trim).map(str::len).try_fold(0, |total, /* name */| Some(total + /* name */))
   |

warning: this closure chains 2 steps onto the item, so `rfold` does all of them
  --> $DIR/splittable_adapter_closure_adapters.rs:LL:CC
   |
LL |     lines.rfold(0, |total, line| total + line.trim().len())
   |           ^^^^^
   |
help: lift every step into a leading `map` of its own, leaving the closure the accumulation
   |
LL -     lines.rfold(0, |total, line| total + line.trim().len())
LL +     lines.map(str::trim).map(str::len).rfold(0, |total, /* name */| total + /* name */)
   |

warning: this closure chains 2 steps onto the item, so `try_rfold` does all of them
  --> $DIR/splittable_adapter_closure_adapters.rs:LL:CC
   |
LL |     lines.try_rfold(0, |total, line| Some(total + line.trim().len()))
   |           ^^^^^^^^^
   |
help: lift every step into a leading `map` of its own, leaving the closure the accumulation
   |
LL -     lines.try_rfold(0, |total, line| Some(total + line.trim().len()))
LL +     lines.map(str::trim).map(str::len).try_rfold(0, |total, /* name */| Some(total + /* name */))
   |

warning: this closure chains 2 steps onto the item, so `scan` does all of them
  --> $DIR/splittable_adapter_closure_adapters.rs:LL:CC
   |
LL |         .scan(0, |total, line| Some(*total + line.trim().len()))
   |          ^^^^
   |
help: lift every step into a leading `map` of its own, leaving the closure the accumulation
   |
LL -         .scan(0, |total, line| Some(*total + line.trim().len()))
LL +         .map(str::trim).map(str::len).scan(0, |total, /* name */| Some(*total + /* name */))
   |

warning: N warnings emitted
