warning: this closure chains 2 steps onto the item, so `map` does all of them
  --> $DIR/splittable_adapter_closure.rs:LL:CC
   |
LL |         .map(|header| header.trim().to_ascii_lowercase())
   |          ^^^
   |
   = help: lift each step into a leading `map` of its own, leaving the closure only the work that is the adapter's
   = note: `#[warn(perfectionist::splittable_adapter_closure)]` on by default

warning: this closure chains 3 steps onto the item, so `map` does all of them
  --> $DIR/splittable_adapter_closure.rs:LL:CC
   |
LL |         .map(|line| line.trim().to_ascii_lowercase().len())
   |          ^^^
   |
   = help: lift each step into a leading `map` of its own, leaving the closure only the work that is the adapter's

warning: this closure chains 2 steps onto the item, so `map` does all of them
  --> $DIR/splittable_adapter_closure.rs:LL:CC
   |
LL |     lines.map(|line| parse(line.trim())).collect()
   |           ^^^
   |
   = help: lift each step into a leading `map` of its own, leaving the closure only the work that is the adapter's

warning: this closure chains 3 steps onto the item, so `for_each` does all of them
  --> $DIR/splittable_adapter_closure.rs:LL:CC
   |
LL |     lines.for_each(|line| record(line.trim().len()));
   |           ^^^^^^^^
   |
   = help: lift each step into a leading `map` of its own, leaving the closure only the work that is the adapter's

warning: this closure chains 2 steps onto the item, so `any` does all of them
  --> $DIR/splittable_adapter_closure.rs:LL:CC
   |
LL |     lines.any(|line| line.trim().is_empty())
   |           ^^^
   |
   = help: lift each step into a leading `map` of its own, leaving the closure only the work that is the adapter's

warning: this closure chains 2 steps onto the item, so `map` does all of them
  --> $DIR/splittable_adapter_closure.rs:LL:CC
   |
LL |     headers.map(|header| label(header.len())).collect()
   |             ^^^
   |
   = help: lift each step into a leading `map` of its own, leaving the closure only the work that is the adapter's

warning: this closure chains 2 steps onto the item, so `any` does all of them
  --> $DIR/splittable_adapter_closure.rs:LL:CC
   |
LL |     let empty = lines.any(|line| line.trim().is_empty());
   |                       ^^^
   |
   = help: lift each step into a leading `map` of its own, leaving the closure only the work that is the adapter's

warning: this closure chains 2 steps onto the item, so `fold` does all of them
  --> $DIR/splittable_adapter_closure.rs:LL:CC
   |
LL |     lines.fold(0, |total, line| total + line.trim().len())
   |           ^^^^
   |
   = help: lift each step into a leading `map` of its own, leaving the closure only the work that is the adapter's

warning: this closure chains 2 steps onto the item, so `fold` does all of them
  --> $DIR/splittable_adapter_closure.rs:LL:CC
   |
LL |     lines.fold(1, |acc, line| line.trim().len().wrapping_mul(acc))
   |           ^^^^
   |
   = help: lift each step into a leading `map` of its own, leaving the closure only the work that is the adapter's

warning: this closure chains 2 steps onto the item, so `fold` does all of them
  --> $DIR/splittable_adapter_closure.rs:LL:CC
   |
LL |     lines.fold(0, |total, line| line.trim().parse().unwrap_or_else(|_| total))
   |           ^^^^
   |
   = help: lift each step into a leading `map` of its own, leaving the closure only the work that is the adapter's

warning: this closure chains 2 steps onto the item, so `fold` does all of them
  --> $DIR/splittable_adapter_closure.rs:LL:CC
   |
LL |     lines.fold(0, |total, line| {
   |           ^^^^
   |
   = help: lift each step into a leading `map` of its own, leaving the closure only the work that is the adapter's

warning: this closure chains 2 steps onto the item, so `fold` does all of them
  --> $DIR/splittable_adapter_closure.rs:LL:CC
   |
LL |     lines.fold(0, |total, line| match line.trim().len() {
   |           ^^^^
   |
   = help: lift each step into a leading `map` of its own, leaving the closure only the work that is the adapter's

warning: this closure chains 2 steps onto the item, so `fold` does all of them
  --> $DIR/splittable_adapter_closure.rs:LL:CC
   |
LL |     lines.fold(0, |total, line| {
   |           ^^^^
   |
   = help: lift each step into a leading `map` of its own, leaving the closure only the work that is the adapter's

warning: N warnings emitted
