warning: error type derived through `thiserror`; this catalogue prefers `derive_more::{Display, Error}`
  --> $DIR/thiserror_usage_derive.rs:23:10
   |
LL | #[derive(thiserror::Error)]
   |          ^^^^^^^^^^^^^^^^
   |
   = help: replace the derive list and migrate the `#[error(...)]` attributes to `#[display(...)]`
   = note: `#[warn(perfectionist::thiserror_usage)]` on by default

warning: `#[error(...)]` attribute belongs to `thiserror`'s namespace; this catalogue prefers `derive_more::Display`
  --> $DIR/thiserror_usage_derive.rs:24:1
   |
LL | #[error("boom")]
   | ^^^^^^^^^^^^^^^^
   |
   = help: rename to `#[display(...)]` and translate positional placeholders (`{0}` -> `{_0}`)

warning: `thiserror` import; this catalogue prefers `derive_more::{Display, Error}`
  --> $DIR/thiserror_usage_derive.rs:30:1
   |
LL | use thiserror::Error;
   | ^^^^^^^^^^^^^^^^^^^^^
   |
   = help: drop the import and migrate the error type to `#[derive(derive_more::Display, derive_more::Error)]`

warning: error type derived through `thiserror`; this catalogue prefers `derive_more::{Display, Error}`
  --> $DIR/thiserror_usage_derive.rs:32:10
   |
LL | #[derive(Error)]
   |          ^^^^^
   |
   = help: replace the derive list and migrate the `#[error(...)]` attributes to `#[display(...)]`

warning: `#[error(...)]` attribute belongs to `thiserror`'s namespace; this catalogue prefers `derive_more::Display`
  --> $DIR/thiserror_usage_derive.rs:33:1
   |
LL | #[error("aliased")]
   | ^^^^^^^^^^^^^^^^^^^
   |
   = help: rename to `#[display(...)]` and translate positional placeholders (`{0}` -> `{_0}`)

warning: `thiserror` import; this catalogue prefers `derive_more::{Display, Error}`
  --> $DIR/thiserror_usage_derive.rs:38:1
   |
LL | use thiserror as te;
   | ^^^^^^^^^^^^^^^^^^^^
   |
   = help: drop the import and migrate the error type to `#[derive(derive_more::Display, derive_more::Error)]`

warning: error type derived through `thiserror`; this catalogue prefers `derive_more::{Display, Error}`
  --> $DIR/thiserror_usage_derive.rs:40:10
   |
LL | #[derive(te::Error)]
   |          ^^^^^^^^^
   |
   = help: replace the derive list and migrate the `#[error(...)]` attributes to `#[display(...)]`

warning: `#[error(...)]` attribute belongs to `thiserror`'s namespace; this catalogue prefers `derive_more::Display`
  --> $DIR/thiserror_usage_derive.rs:41:1
   |
LL | #[error("crate-aliased")]
   | ^^^^^^^^^^^^^^^^^^^^^^^^^
   |
   = help: rename to `#[display(...)]` and translate positional placeholders (`{0}` -> `{_0}`)

warning: error type derived through `thiserror`; this catalogue prefers `derive_more::{Display, Error}`
  --> $DIR/thiserror_usage_derive.rs:46:26
   |
LL | #[cfg_attr(all(), derive(thiserror::Error))]
   |                          ^^^^^^^^^^^^^^^^
   |
   = help: replace the derive list and migrate the `#[error(...)]` attributes to `#[display(...)]`

warning: `#[error(...)]` attribute belongs to `thiserror`'s namespace; this catalogue prefers `derive_more::Display`
  --> $DIR/thiserror_usage_derive.rs:47:19
   |
LL | #[cfg_attr(all(), error("conditional"))]
   |                   ^^^^^^^^^^^^^^^^^^^^
   |
   = help: rename to `#[display(...)]` and translate positional placeholders (`{0}` -> `{_0}`)

warning: error type derived through `thiserror`; this catalogue prefers `derive_more::{Display, Error}`
  --> $DIR/thiserror_usage_derive.rs:51:10
   |
LL | #[derive(thiserror::Error)]
   |          ^^^^^^^^^^^^^^^^
   |
   = help: replace the derive list and migrate the `#[error(...)]` attributes to `#[display(...)]`

warning: `#[error(...)]` attribute belongs to `thiserror`'s namespace; this catalogue prefers `derive_more::Display`
  --> $DIR/thiserror_usage_derive.rs:53:5
   |
LL |     #[error("field")]
   |     ^^^^^^^^^^^^^^^^^
   |
   = help: rename to `#[display(...)]` and translate positional placeholders (`{0}` -> `{_0}`)

warning: error type derived through `thiserror`; this catalogue prefers `derive_more::{Display, Error}`
  --> $DIR/thiserror_usage_derive.rs:59:10
   |
LL | #[derive(thiserror::Error)]
   |          ^^^^^^^^^^^^^^^^
   |
   = help: replace the derive list and migrate the `#[error(...)]` attributes to `#[display(...)]`

warning: `#[error(...)]` attribute belongs to `thiserror`'s namespace; this catalogue prefers `derive_more::Display`
  --> $DIR/thiserror_usage_derive.rs:61:5
   |
LL |     #[error("unit variant")]
   |     ^^^^^^^^^^^^^^^^^^^^^^^^
   |
   = help: rename to `#[display(...)]` and translate positional placeholders (`{0}` -> `{_0}`)

warning: `#[error(...)]` attribute belongs to `thiserror`'s namespace; this catalogue prefers `derive_more::Display`
  --> $DIR/thiserror_usage_derive.rs:64:9
   |
LL |         #[error("variant field")]
   |         ^^^^^^^^^^^^^^^^^^^^^^^^^
   |
   = help: rename to `#[display(...)]` and translate positional placeholders (`{0}` -> `{_0}`)

warning: 15 warnings emitted

