warning: Unicode `…` (U+2026) in comment
  --> $DIR/unicode_ellipsis_in_comments.rs:1:46
   |
LL | // Bad: line comment with horizontal ellipsis…
   |                                              ^ help: use ASCII `...` instead: `...`
   |
   = note: `#[warn(perfectionist::unicode_ellipsis_in_comments)]` on by default

warning: Unicode `…` (U+2026) in comment
  --> $DIR/unicode_ellipsis_in_comments.rs:4:43
   |
LL | /* Bad: block comment ending with ellipsis… */
   |                                           ^ help: use ASCII `...` instead: `...`

warning: Unicode `…` (U+2026) in comment
  --> $DIR/unicode_ellipsis_in_comments.rs:8:33
   |
LL |  * Multi-line block comment with…
   |                                 ^ help: use ASCII `...` instead: `...`

warning: Unicode `…` (U+2026) in comment
  --> $DIR/unicode_ellipsis_in_comments.rs:9:46
   |
LL |  * multiple lines, each scanned independently…
   |                                              ^ help: use ASCII `...` instead: `...`

warning: Unicode `…` (U+2026) in doc comment
  --> $DIR/unicode_ellipsis_in_comments.rs:12:30
   |
LL | /// Doc comment with ellipsis… (this rule ignores it; the docs rule flags it).
   |                              ^ help: use ASCII `...` instead: `...`
   |
   = note: `#[warn(perfectionist::unicode_ellipsis_in_docs)]` on by default

warning: Unicode `…` (U+2026) in doc comment
  --> $DIR/unicode_ellipsis_in_comments.rs:16:40
   |
LL |     //! Inner doc comment with ellipsis… (this rule ignores it; the docs rule flags it).
   |                                        ^ help: use ASCII `...` instead: `...`

warning: 6 warnings emitted

