warning: repository URL ref `main` is not a pinned commit SHA
  --> $DIR/unpinned_repo_ref.rs:79:52
   |
LL |     let _bad = "https://github.com/owner/repo/blob/main/src/lib.rs";
   |                                                    ^^^^
   |
   = help: pin the URL to a commit SHA so the linked file or directory cannot change without warning
   = note: `#[warn(perfectionist::unpinned_repo_ref)]` on by default

warning: repository URL ref `main` is not a pinned commit SHA
  --> $DIR/unpinned_repo_ref.rs:17:41
   |
LL | /// <https://github.com/owner/repo/blob/main/src/lib.rs>.
   |                                         ^^^^
   |
   = help: pin the URL to a commit SHA so the linked file or directory cannot change without warning

warning: repository URL ref `abc` is not a pinned commit SHA
  --> $DIR/unpinned_repo_ref.rs:33:41
   |
LL | /// <https://github.com/owner/repo/blob/abc/src/lib.rs>.
   |                                         ^^^
   |
   = help: pin the URL to a commit SHA so the linked file or directory cannot change without warning

warning: repository URL ref `master` is not a pinned commit SHA
  --> $DIR/unpinned_repo_ref.rs:37:40
   |
LL | /// <https://gitee.com/owner/repo/blob/master/src/lib.rs>.
   |                                        ^^^^^^
   |
   = help: pin the URL to a commit SHA so the linked file or directory cannot change without warning

warning: repository URL ref `main` is not a pinned commit SHA
  --> $DIR/unpinned_repo_ref.rs:50:66
   |
LL | // Bad: gitlab branch ref: <https://gitlab.com/group/repo/-/blob/main/x.rs>
   |                                                                  ^^^^
   |
   = help: pin the URL to a commit SHA so the linked file or directory cannot change without warning

warning: repository URL ref `develop` is not a pinned commit SHA
  --> $DIR/unpinned_repo_ref.rs:54:46
   |
LL | // <https://gitlab.com/group/sub/repo/-/tree/develop/dir>
   |                                              ^^^^^^^
   |
   = help: pin the URL to a commit SHA so the linked file or directory cannot change without warning

warning: repository URL ref `master` is not a pinned commit SHA
  --> $DIR/unpinned_repo_ref.rs:57:69
   |
LL | // Bad: bitbucket branch ref: <https://bitbucket.org/owner/repo/src/master/f.rs>
   |                                                                     ^^^^^^
   |
   = help: pin the URL to a commit SHA so the linked file or directory cannot change without warning

warning: repository URL references branch `main` instead of a commit SHA
  --> $DIR/unpinned_repo_ref.rs:61:48
   |
LL | // <https://codeberg.org/owner/repo/src/branch/main/src/lib.rs>
   |                                                ^^^^
   |
   = help: pin the URL to a commit SHA so the linked file or directory cannot change without warning

warning: repository URL ref `main` is not a pinned commit SHA
  --> $DIR/unpinned_repo_ref.rs:72:66
   |
LL | // Bad: sourcehut branch ref: <https://git.sr.ht/~user/repo/tree/main/item/x.rs>
   |                                                                  ^^^^
   |
   = help: pin the URL to a commit SHA so the linked file or directory cannot change without warning

warning: 9 warnings emitted
