warning: glob import brings an unbounded set of names into scope
  --> $DIR/wildcard_imports.rs:36:16
   |
LL | pub(crate) use crate::thing::*;
   |                ^^^^^^^^^^^^^^^
   |
   = help: import the specific items by name instead
   = note: `#[warn(perfectionist::wildcard_imports)]` on by default

warning: glob import brings an unbounded set of names into scope
  --> $DIR/wildcard_imports.rs:39:5
   |
LL | use crate::thing::*;
   |     ^^^^^^^^^^^^^^^
   |
   = help: import the specific items by name instead

warning: glob import brings an unbounded set of names into scope
  --> $DIR/wildcard_imports.rs:60:23
   |
LL | use crate::thing::{A, *};
   |                       ^
   |
   = help: import the specific items by name instead

warning: glob import brings an unbounded set of names into scope
  --> $DIR/wildcard_imports.rs:45:9
   |
LL |     use super::*;
   |         ^^^^^^^^
   |
   = help: import the specific items by name instead

warning: glob import brings an unbounded set of names into scope
  --> $DIR/wildcard_imports.rs:54:13
   |
LL |         use crate::thing::*;
   |             ^^^^^^^^^^^^^^^
   |
   = help: import the specific items by name instead

warning: 5 warnings emitted

