warning: adjacent module and item imports can be combined through `self`
  --> $DIR/fixture.rs:12:5
   |
LL |     use crate::defs::inner;
   |     ^^^^^^^^^^^^^^^^^^^^^^^
   |
   = note: `#[warn(perfectionist::self_import)]` on by default
help: combine into a single `use` with `self`
   |
LL -     use crate::defs::inner;
LL -     use crate::defs::inner::Baz;
LL +     use crate::defs::inner::{self, Baz};
   |

warning: adjacent module and item imports can be combined through `self`
  --> $DIR/fixture.rs:18:5
   |
LL |     use crate::defs::inner::{self};
   |     ^^^^^^^^^^^^^^^^^^^^^^^^^^^^^^^
   |
help: combine into a single `use` with `self`
   |
LL -     use crate::defs::inner::{self};
LL -     use crate::defs::inner::Baz;
LL +     use crate::defs::inner::{self, Baz};
   |

warning: adjacent module and item imports can be combined through `self`
  --> $DIR/fixture.rs:24:5
   |
LL |     use crate::defs::inner::Baz;
   |     ^^^^^^^^^^^^^^^^^^^^^^^^^^^^
   |
help: combine into a single `use` with `self`
   |
LL -     use crate::defs::inner::Baz;
LL -     use crate::defs::inner;
LL +     use crate::defs::inner::{self, Baz};
   |

warning: adjacent module and item imports can be combined through `self`
  --> $DIR/fixture.rs:30:5
   |
LL |     use crate::defs::inner;
   |     ^^^^^^^^^^^^^^^^^^^^^^^
   |
help: combine into a single `use` with `self`
   |
LL -     use crate::defs::inner;
LL -     use crate::defs::inner::{Baz, Qux};
LL +     use crate::defs::inner::{self, Baz, Qux};
   |

warning: 4 warnings emitted

